 modelo_sfun

 Timestamp is 55818192 (Wed Jun 17 11:17:54 2015)

 Preferred load address is 0000000180000000

 Start         Length     Name                   Class
 0001:00000000 0004bbd4H .text                   CODE
 0001:0004bbe0 00000092H .text$x                 CODE
 0002:00000000 000004b0H .idata$5                DATA
 0002:000004b0 00000008H .CRT$XCA                DATA
 0002:000004b8 00000008H .CRT$XCZ                DATA
 0002:000004c0 00000008H .CRT$XIA                DATA
 0002:000004c8 00000008H .CRT$XIAA               DATA
 0002:000004d0 00000008H .CRT$XIZ                DATA
 0002:000004e0 00004b2cH .rdata                  DATA
 0002:00005010 00000008H .rtc$IAA                DATA
 0002:00005018 00000008H .rtc$IZZ                DATA
 0002:00005020 00000008H .rtc$TAA                DATA
 0002:00005028 00000008H .rtc$TZZ                DATA
 0002:00005030 0000460cH .xdata                  DATA
 0002:0000963c 000000b4H .idata$2                DATA
 0002:000096f0 00000014H .idata$3                DATA
 0002:00009708 000004b0H .idata$4                DATA
 0002:00009bb8 00000af0H .idata$6                DATA
 0002:0000a6b0 00000051H .edata                  DATA
 0003:00000000 0000866cH .data                   DATA
 0003:00008680 00002478H .bss                    DATA
 0004:00000000 00003558H .pdata                  DATA

  Address         Publics by Value              Rva+Base               Lib:Object

 0000:00000000       ___safe_se_handler_count   0000000000000000     <absolute>
 0000:00000000       ___safe_se_handler_table   0000000000000000     <absolute>
 0000:00000000       __ImageBase                0000000180000000     <linker-defined>
 0001:00000000       sf_c1_modelo_get_eml_resolved_functions_info 0000000180001000 f   c1_modelo.obj
 0001:00003730       sf_c1_modelo_get_check_sum 0000000180004730 f   c1_modelo.obj
 0001:000037b0       sf_c1_modelo_get_autoinheritance_info 00000001800047b0 f   c1_modelo.obj
 0001:00003d20       sf_c1_modelo_third_party_uses_info 0000000180004d20 f   c1_modelo.obj
 0001:00003d50       sf_internal_get_sim_state_c1_modelo 0000000180004d50 f   c1_modelo.obj
 0001:00004100       sf_internal_set_sim_state_c1_modelo 0000000180005100 f   c1_modelo.obj
 0001:000045c0       c1_modelo_method_dispatcher 00000001800055c0 f   c1_modelo.obj
 0001:0000e120       sf_c2_modelo_get_eml_resolved_functions_info 000000018000f120 f   c2_modelo.obj
 0001:00011040       sf_c2_modelo_get_check_sum 0000000180012040 f   c2_modelo.obj
 0001:000110c0       sf_c2_modelo_get_autoinheritance_info 00000001800120c0 f   c2_modelo.obj
 0001:000114e0       sf_c2_modelo_third_party_uses_info 00000001800124e0 f   c2_modelo.obj
 0001:00011510       sf_internal_get_sim_state_c2_modelo 0000000180012510 f   c2_modelo.obj
 0001:000118c0       sf_internal_set_sim_state_c2_modelo 00000001800128c0 f   c2_modelo.obj
 0001:00011d80       c2_modelo_method_dispatcher 0000000180012d80 f   c2_modelo.obj
 0001:00019970       sf_process_check_sum_call  000000018001a970 f   modelo_sfun_registry.obj
 0001:000199c0       sf_process_autoinheritance_call 000000018001a9c0 f   modelo_sfun_registry.obj
 0001:00019b60       sf_process_get_third_party_uses_info_call 000000018001ab60 f   modelo_sfun_registry.obj
 0001:00019d00       sf_process_get_eml_resolved_functions_info_call 000000018001ad00 f   modelo_sfun_registry.obj
 0001:00019e80       sf_mex_unlock_call         000000018001ae80 f   modelo_sfun_registry.obj
 0001:00019f30       sf_machine_global_initializer_called 000000018001af30 f   modelo_sfun_registry.obj
 0001:00019f60       sf_machine_global_method_dispatcher 000000018001af60 f   modelo_sfun_registry.obj
 0001:00019fc0       sf_machine_global_terminator 000000018001afc0 f   modelo_sfun_registry.obj
 0001:0001a010       sf_register_machine_exported_symbols 000000018001b010 f   modelo_sfun_registry.obj
 0001:0001a030       callCustomFcn              000000018001b030 f   modelo_sfun_registry.obj
 0001:0001a040       sf_machine_global_initializer 000000018001b040 f   modelo_sfun_registry.obj
 0001:0001a0c0       _ssSetStateAbsTol          000000018001b0c0 f   modelo_sfun_registry.obj
 0001:0001a1a0       _ssGetAbsTol               000000018001b1a0 f   modelo_sfun_registry.obj
 0001:0001a210       _ssSetInputPortMatrixDimensions 000000018001b210 f   modelo_sfun_registry.obj
 0001:0001a320       _ssSetOutputPortMatrixDimensions 000000018001b320 f   modelo_sfun_registry.obj
 0001:0001a430       _ssSetInputPortVectorDimension 000000018001b430 f   modelo_sfun_registry.obj
 0001:0001a500       _ssSetOutputPortVectorDimension 000000018001b500 f   modelo_sfun_registry.obj
 0001:0001a5d0       ssIsRunTimeParamTunable    000000018001b5d0 f   modelo_sfun_registry.obj
 0001:0001a640       ssGetSFuncBlockHandle      000000018001b640 f   modelo_sfun_registry.obj
 0001:0001a6b0       _ssGetCurrentInputPortWidth 000000018001b6b0 f   modelo_sfun_registry.obj
 0001:0001a7d0       _ssGetCurrentOutputPortWidth 000000018001b7d0 f   modelo_sfun_registry.obj
 0001:0001a8f0       _ssGetCallSystemNumFcnCallDestinations 000000018001b8f0 f   modelo_sfun_registry.obj
 0001:0001a960       ssWarning                  000000018001b960 f   modelo_sfun_registry.obj
 0001:0001aa70       ssGetIsZeroCrossControlDisabled 000000018001ba70 f   modelo_sfun_registry.obj
 0001:0001aae0       ssSetIsInputPortUsedForContZcSignal 000000018001bae0 f   modelo_sfun_registry.obj
 0001:0001ab50       ssSetZcSignalIsZcElementDisc 000000018001bb50 f   modelo_sfun_registry.obj
 0001:0001ac00       ssSetZcSignalName          000000018001bc00 f   modelo_sfun_registry.obj
 0001:0001ac70       ssSetZcSignalWidth         000000018001bc70 f   modelo_sfun_registry.obj
 0001:0001ace0       ssSetZcSignalZcEventType   000000018001bce0 f   modelo_sfun_registry.obj
 0001:0001ad50       ssSetZcSignalType          000000018001bd50 f   modelo_sfun_registry.obj
 0001:0001adc0       ssSetZcSignalZcTol         000000018001bdc0 f   modelo_sfun_registry.obj
 0001:0001ae30       ssSetZcSignalNeedsEventNotification 000000018001be30 f   modelo_sfun_registry.obj
 0001:0001aea0       ssCreateAndAddZcSignalInfo 000000018001bea0 f   modelo_sfun_registry.obj
 0001:0001af10       ssCloneAndAddZcSignalInfo  000000018001bf10 f   modelo_sfun_registry.obj
 0001:0001af80       ssGetNumZcSignals          000000018001bf80 f   modelo_sfun_registry.obj
 0001:0001aff0       ssGetZcSignalVector        000000018001bff0 f   modelo_sfun_registry.obj
 0001:0001b060       ssGetZcSignalZcEvents      000000018001c060 f   modelo_sfun_registry.obj
 0001:0001b0d0       ssGetZcSignalName          000000018001c0d0 f   modelo_sfun_registry.obj
 0001:0001b140       ssGetZcSignalWidth         000000018001c140 f   modelo_sfun_registry.obj
 0001:0001b1b0       ssGetZcSignalZcEventType   000000018001c1b0 f   modelo_sfun_registry.obj
 0001:0001b220       ssGetZcSignalType          000000018001c220 f   modelo_sfun_registry.obj
 0001:0001b290       ssGetZcSignalZcTol         000000018001c290 f   modelo_sfun_registry.obj
 0001:0001b310       ssGetZcSignalNeedsEventNotification 000000018001c310 f   modelo_sfun_registry.obj
 0001:0001b380       ssGetZcSignalIsZcElementDisc 000000018001c380 f   modelo_sfun_registry.obj
 0001:0001b420       ssGetIsInputPortElementContinuous 000000018001c420 f   modelo_sfun_registry.obj
 0001:0001b4c0       _ssGetInputPortSignalPtrsFcn 000000018001c4c0 f   modelo_sfun_registry.obj
 0001:0001b780       _ssGetInputPortSignalFcn   000000018001c780 f   modelo_sfun_registry.obj
 0001:0001b9a0       _ssSetInputPortDirectFeedThroughFcn 000000018001c9a0 f   modelo_sfun_registry.obj
 0001:0001bb00       _ssSetInputPortReusableFcn 000000018001cb00 f   modelo_sfun_registry.obj
 0001:0001bbf0       _ssSetOutputPortReusableFcn 000000018001cbf0 f   modelo_sfun_registry.obj
 0001:0001bcd0       ssGetDTypeIdFromMxArray    000000018001ccd0 f   modelo_sfun_registry.obj
 0001:0001bdf0       ssWriteRTWStr              000000018001cdf0 f   modelo_sfun_registry.obj
 0001:0001be50       ssWriteRTWMxVectParam      000000018001ce50 f   modelo_sfun_registry.obj
 0001:0001beb0       ssWriteRTWMx2dMatParam     000000018001ceb0 f   modelo_sfun_registry.obj
 0001:0001bf30       ssWriteRTWNameValuePair    000000018001cf30 f   modelo_sfun_registry.obj
 0001:0001c420       ssWriteRTWParameters       000000018001d420 f   modelo_sfun_registry.obj
 0001:0001ca20       ssWriteRTWParamSettings    000000018001da20 f   modelo_sfun_registry.obj
 0001:0001d0f0       ssWriteRTWWorkVect         000000018001e0f0 f   modelo_sfun_registry.obj
 0001:0001d5f0       mexFunction                000000018001e5f0 f   modelo_sfun_registry.obj
 0001:0001f320       ProcessMexSfunctionEveryCall 0000000180020320 f   modelo_sfun_registry.obj
 0001:0001f490       modelo_initializer         0000000180020490 f   modelo_sfun.obj
 0001:0001f4a0       modelo_terminator          00000001800204a0 f   modelo_sfun.obj
 0001:0001f4b0       sf_modelo_method_dispatcher 00000001800204b0 f   modelo_sfun.obj
 0001:0001f520       sf_modelo_process_check_sum_call 0000000180020520 f   modelo_sfun.obj
 0001:0001f940       sf_modelo_autoinheritance_info 0000000180020940 f   modelo_sfun.obj
 0001:0001fb00       sf_modelo_get_eml_resolved_functions_info 0000000180020b00 f   modelo_sfun.obj
 0001:0001fc70       sf_modelo_third_party_uses_info 0000000180020c70 f   modelo_sfun.obj
 0001:0001fdf0       modelo_debug_initialize    0000000180020df0 f   modelo_sfun.obj
 0001:0001fe70       modelo_register_exported_symbols 0000000180020e70 f   modelo_sfun.obj
 0001:0001fe80       load_modelo_optimization_info 0000000180020e80 f   modelo_sfun.obj
 0001:0001fed0       unload_modelo_optimization_info 0000000180020ed0 f   modelo_sfun.obj
 0001:0001fff0       sf_mex_mx_is_numeric       0000000180020ff0 f   sfc_mex:sfc_mex.obj
 0001:00020030       strcmp_ignore_ws           0000000180021030 f   sfc_mex:sfc_mex.obj
 0001:00020170       sf_mex_duplicatearraysafe  0000000180021170 f   sfc_mex:sfc_mex.obj
 0001:000202d0       sf_set_error_debugger_context_message_fcn 00000001800212d0 f   sfc_mex:sfc_mex.obj
 0001:000202e0       sf_set_debugger_matlab_error_fcn 00000001800212e0 f   sfc_mex:sfc_mex.obj
 0001:00020320       sf_set_error_prefix_string 0000000180021320 f   sfc_mex:sfc_mex.obj
 0001:00020350       sf_get_error_prefix_string 0000000180021350 f   sfc_mex:sfc_mex.obj
 0001:00020360       sf_mex_enter_parallel_region 0000000180021360 f   sfc_mex:sfc_mex.obj
 0001:00020370       sf_mex_exit_parallel_region 0000000180021370 f   sfc_mex:sfc_mex.obj
 0001:00020380       sf_get_current_jmp_buf_ptr 0000000180021380 f   sfc_mex:sfc_mex.obj
 0001:00020390       sf_set_current_jmp_buf_ptr 0000000180021390 f   sfc_mex:sfc_mex.obj
 0001:000203a0       sf_mex_set_halt_simulation 00000001800213a0 f   sfc_mex:sfc_mex.obj
 0001:000203b0       sf_mex_get_halt_simulation 00000001800213b0 f   sfc_mex:sfc_mex.obj
 0001:000203c0       sf_mex_clear_error_message 00000001800213c0 f   sfc_mex:sfc_mex.obj
 0001:000203e0       sf_mex_get_error_message_for_read 00000001800213e0 f   sfc_mex:sfc_mex.obj
 0001:000203f0       sf_mex_get_error_message_buffer_length 00000001800213f0 f   sfc_mex:sfc_mex.obj
 0001:000204d0       sf_mex_warning_message     00000001800214d0 f   sfc_mex:sfc_mex.obj
 0001:00020540       sf_mex_v_errbuf_createf    0000000180021540 f   sfc_mex:sfc_mex.obj
 0001:00020550       sf_mex_errbuf_createf      0000000180021550 f   sfc_mex:sfc_mex.obj
 0001:00020580       sf_mex_v_errbuf_catf       0000000180021580 f   sfc_mex:sfc_mex.obj
 0001:000205c0       sf_mex_errbuf_catf         00000001800215c0 f   sfc_mex:sfc_mex.obj
 0001:00020610       sf_mex_errbuf_copy         0000000180021610 f   sfc_mex:sfc_mex.obj
 0001:00020620       sf_mex_errbuf_clear        0000000180021620 f   sfc_mex:sfc_mex.obj
 0001:00020630       sf_mex_errbuf_isempty      0000000180021630 f   sfc_mex:sfc_mex.obj
 0001:00020730       sf_mex_set_error_status    0000000180021730 f   sfc_mex:sfc_mex.obj
 0001:00020780       sf_mex_error_direct_call   0000000180021780 f   sfc_mex:sfc_mex.obj
 0001:000207a0       sf_mex_error_message_no_long_jump 00000001800217a0 f   sfc_mex:sfc_mex.obj
 0001:000207c0       sf_mex_long_jump_on_error  00000001800217c0 f   sfc_mex:sfc_mex.obj
 0001:000207f0       sf_mex_call_matlab         00000001800217f0 f   sfc_mex:sfc_mex.obj
 0001:00020910       sf_mex_check_builtin       0000000180021910 f   sfc_mex:sfc_mex.obj
 0001:000209b0       sf_mex_check_builtin_vs    00000001800219b0 f   sfc_mex:sfc_mex.obj
 0001:00020a70       sf_mex_check_enum          0000000180021a70 f   sfc_mex:sfc_mex.obj
 0001:00020af0       sf_mex_create_enum         0000000180021af0 f   sfc_mex:sfc_mex.obj
 0001:00020b60       sf_mex_get_enum_element    0000000180021b60 f   sfc_mex:sfc_mex.obj
 0001:00020b70       sf_mex_createcellarray     0000000180021b70 f   sfc_mex:sfc_mex.obj
 0001:00020b80       sf_mex_setcell             0000000180021b80 f   sfc_mex:sfc_mex.obj
 0001:00020b90       sf_mex_getcell             0000000180021b90 f   sfc_mex:sfc_mex.obj
 0001:00020ba0       sf_mex_dup                 0000000180021ba0 f   sfc_mex:sfc_mex.obj
 0001:00020bc0       sf_mex_assign              0000000180021bc0 f   sfc_mex:sfc_mex.obj
 0001:00020c40       sf_mex_destroy             0000000180021c40 f   sfc_mex:sfc_mex.obj
 0001:00020c70       mx_array_has_fi_type       0000000180021c70 f   sfc_mex:sfc_mex.obj
 0001:00020ca0       sf_mex_convert_from_fi     0000000180021ca0 f   sfc_mex:sfc_mex.obj
 0001:00020dd0       sf_mex_convert_to_double   0000000180021dd0 f   sfc_mex:sfc_mex.obj
 0001:00020ef0       sf_mex_import_fi_vs        0000000180021ef0 f   sfc_mex:sfc_mex.obj
 0001:00021120       sf_matrix_matrix_index_ok  0000000180022120 f   sfc_mex:sfc_mex.obj
 0001:000211b0       sf_vector_vector_index_ok  00000001800221b0 f   sfc_mex:sfc_mex.obj
 0001:000211e0       ssGetCurrentInputPortDimensions_wrapper 00000001800221e0 f   sfc_mex:sfc_mex.obj
 0001:00021200       ssGetCurrentOutputPortDimensions_wrapper 0000000180022200 f   sfc_mex:sfc_mex.obj
 0001:00021220       sf_mex_emlrt_context_is_debug_mode 0000000180022220 f   sfc_mex:sfc_mex.obj
 0001:00021230       sf_mex_emlrt_context_set_debug_mode 0000000180022230 f   sfc_mex:sfc_mex.obj
 0001:00021240       sf_mex_emlrtNameCapturePostProcessR2012a 0000000180022240 f   sfc_mex:sfc_mex.obj
 0001:000212b0       sf_clear_error_manager_info 00000001800222b0 f   sfc_mex:sfc_mex.obj
 0001:00021310       sf_mex_stop_simulation_abruptly_wo_error 0000000180022310 f   sfc_mex:sfc_mex.obj
 0001:00021350       sf_mex_error_message       0000000180022350 f   sfc_mex:sfc_mex.obj
 0001:000213c0       sf_react_to_error_in_matlab_call 00000001800223c0 f   sfc_mex:sfc_mex.obj
 0001:000213f0       sf_mex_addfield            00000001800223f0 f   sfc_mex:sfc_mex.obj
 0001:00021490       sf_mex_getfield            0000000180022490 f   sfc_mex:sfc_mex.obj
 0001:00021790       sf_mex_check_class         0000000180022790 f   sfc_mex:sfc_mex.obj
 0001:00021830       sf_mex_is_real             0000000180022830 f   sfc_mex:sfc_mex.obj
 0001:00021ca0       sf_mex_decode_encoded_mx_struct_array 0000000180022ca0 f   sfc_mex:sfc_mex.obj
 0001:00021f90       sf_mex_lw_bounds_check     0000000180022f90 f   sfc_mex:sfc_mex.obj
 0001:00021fc0       sf_mex_lw_size_eq_check_1d 0000000180022fc0 f   sfc_mex:sfc_mex.obj
 0001:00021fe0       sf_mex_lw_size_eq_check_nd 0000000180022fe0 f   sfc_mex:sfc_mex.obj
 0001:000221c0       sf_mex_lw_dim_size_eq_check 00000001800231c0 f   sfc_mex:sfc_mex.obj
 0001:000221f0       sf_mex_lw_dim_size_geq_check 00000001800231f0 f   sfc_mex:sfc_mex.obj
 0001:00022220       sf_mex_lw_sub_assign_size_check_nd 0000000180023220 f   sfc_mex:sfc_mex.obj
 0001:000223f0       sf_mex_lw_runtime_error_msgid 00000001800233f0 f   sfc_mex:sfc_mex.obj
 0001:000224e0       sf_mex_lw_matrix_matrix_index_check 00000001800234e0 f   sfc_mex:sfc_mex.obj
 0001:00022500       sf_mex_lw_vector_vector_index_check 0000000180023500 f   sfc_mex:sfc_mex.obj
 0001:00022540       sf_mex_lw_for_loop_vector_check 0000000180023540 f   sfc_mex:sfc_mex.obj
 0001:000225d0       sf_mex_lw_non_negative_check 00000001800235d0 f   sfc_mex:sfc_mex.obj
 0001:00022610       sf_mex_overflow_error      0000000180023610 f   sfc_mex:sfc_mex.obj
 0001:00022620       sf_mex_dividebyzero_error  0000000180023620 f   sfc_mex:sfc_mex.obj
 0001:00022630       sf_mex_unsafe_enum_error   0000000180023630 f   sfc_mex:sfc_mex.obj
 0001:00022640       sf_emlrtErrHandler         0000000180023640 f   sfc_mex:sfc_mex.obj
 0001:00022720       sf_mex_size_one_check      0000000180023720 f   sfc_mex:sfc_mex.obj
 0001:00022740       sf_mex_printf              0000000180023740 f   sfc_mex:sfc_mex.obj
 0001:00022910       sf_mex_check_size          0000000180023910 f   sfc_mex:sfc_mex.obj
 0001:00022bb0       sf_mex_check_struct        0000000180023bb0 f   sfc_mex:sfc_mex.obj
 0001:00022e10       sf_mex_check_struct_vs     0000000180023e10 f   sfc_mex:sfc_mex.obj
 0001:00022ea0       sf_mex_check_fi            0000000180023ea0 f   sfc_mex:sfc_mex.obj
 0001:00022fa0       sf_mex_check_fi_vs         0000000180023fa0 f   sfc_mex:sfc_mex.obj
 0001:00023040       sf_echo_expression         0000000180024040 f   sfc_mex:sfc_mex.obj
 0001:000230a0       sf_assertion_failed        00000001800240a0 f   sfc_mex:sfc_mex.obj
 0001:00023380       sf_mex_evalin              0000000180024380 f   sfc_mex:sfc_mex.obj
 0001:000235f0       sf_mex_export              00000001800245f0 f   sfc_mex:sfc_mex.obj
 0001:000236b0       sf_mex_get_ml_var_no_error 00000001800246b0 f   sfc_mex:sfc_mex.obj
 0001:00023850       sf_mex_get_ml_var          0000000180024850 f   sfc_mex:sfc_mex.obj
 0001:00023ce0       ml_set_element_value_in_array 0000000180024ce0 f   sfc_mex:sfc_mex.obj
 0001:00024da0       sf_mex_call_impl           0000000180025da0 f   sfc_mex:sfc_mex.obj
 0001:000251c0       sf_mex_call_debug          00000001800261c0 f   sfc_mex:sfc_mex.obj
 0001:000251f0       sf_mex_call                00000001800261f0 f   sfc_mex:sfc_mex.obj
 0001:00025840       sf_mex_createstruct        0000000180026840 f   sfc_mex:sfc_mex.obj
 0001:00025950       sf_mex_createstructarray   0000000180026950 f   sfc_mex:sfc_mex.obj
 0001:000259d0       sf_mex_get_mx_datatype_from_sf_datatype 00000001800269d0 f   sfc_mex:sfc_mex.obj
 0001:00025ce0       sf_mex_ml_var_sub          0000000180026ce0 f   sfc_mex:sfc_mex.obj
 0001:00025ec0       sf_mex_ml_var_subsasgn     0000000180026ec0 f   sfc_mex:sfc_mex.obj
 0001:000262c0       sf_mex_sub                 00000001800272c0 f   sfc_mex:sfc_mex.obj
 0001:000264d0       sf_mex_subsasgn            00000001800274d0 f   sfc_mex:sfc_mex.obj
 0001:000269e0       sf_mex_create              00000001800279e0 f   sfc_mex:sfc_mex.obj
 0001:00027380       sf_mex_import_named        0000000180028380 f   sfc_mex:sfc_mex.obj
 0001:000273e0       sf_mex_import              00000001800283e0 f   sfc_mex:sfc_mex.obj
 0001:00027430       sf_mex_import_vs           0000000180028430 f   sfc_mex:sfc_mex.obj
 0001:00027540       sf_mex_lower_fixpt_mx_array 0000000180028540 f   sfc_mex:sfc_mex.obj
 0001:00027840       sf_send_message_wrapper    0000000180028840 f   sfc_mex:sfc_sf.obj
 0001:00027870       sf_receive_message_wrapper 0000000180028870 f   sfc_mex:sfc_sf.obj
 0001:000278b0       sf_check_out_message_wrapper 00000001800288b0 f   sfc_mex:sfc_sf.obj
 0001:000278f0       sf_check_in_message_wrapper 00000001800288f0 f   sfc_mex:sfc_sf.obj
 0001:00027930       sf_no_message_wrapper      0000000180028930 f   sfc_mex:sfc_sf.obj
 0001:00027cc0       sim_mode_is_rtw_gen        0000000180028cc0 f   sfc_mex:sfc_sf.obj
 0001:00027cf0       sim_mode_is_external       0000000180028cf0 f   sfc_mex:sfc_sf.obj
 0001:00027d00       sim_mode_is_modelref_sim   0000000180028d00 f   sfc_mex:sfc_sf.obj
 0001:00027d20       mdlInitializeSizes         0000000180028d20 f   sfc_mex:sfc_sf.obj
 0001:00027d40       mdlInitializeSampleTimes   0000000180028d40 f   sfc_mex:sfc_sf.obj
 0001:00027d80       mdlZeroCrossings           0000000180028d80 f   sfc_mex:sfc_sf.obj
 0001:00027e70       mdlDerivatives             0000000180028e70 f   sfc_mex:sfc_sf.obj
 0001:00027f30       mdl_initialize_conditions_processing 0000000180028f30 f   sfc_mex:sfc_sf.obj
 0001:00027f60       mdlInitializeConditions    0000000180028f60 f   sfc_mex:sfc_sf.obj
 0001:00028020       mdlGetSimState             0000000180029020 f   sfc_mex:sfc_sf.obj
 0001:00028030       mdlSetSimState             0000000180029030 f   sfc_mex:sfc_sf.obj
 0001:00028040       mdl_ext_mode_exec_processing 0000000180029040 f   sfc_mex:sfc_sf.obj
 0001:00028060       mdlExtModeExec             0000000180029060 f   sfc_mex:sfc_sf.obj
 0001:00028200       mdlTerminate               0000000180029200 f   sfc_mex:sfc_sf.obj
 0001:00028270       mdlRTW                     0000000180029270 f   sfc_mex:sfc_sf.obj
 0001:000282a0       mdlSetWorkWidths           00000001800292a0 f   sfc_mex:sfc_sf.obj
 0001:000282b0       mdlProcessParameters       00000001800292b0 f   sfc_mex:sfc_sf.obj
 0001:000282c0       mdl_start_processing       00000001800292c0 f   sfc_mex:sfc_sf.obj
 0001:00028320       mdlStart                   0000000180029320 f   sfc_mex:sfc_sf.obj
 0001:00028430       mdlEnable                  0000000180029430 f   sfc_mex:sfc_sf.obj
 0001:00028510       mdlDisable                 0000000180029510 f   sfc_mex:sfc_sf.obj
 0001:000285d0       sf_get_chart_instance_ptr  00000001800295d0 f   sfc_mex:sfc_sf.obj
 0001:000285f0       sf_load_rtw_optimization_info 00000001800295f0 f   sfc_mex:sfc_sf.obj
 0001:000286c0       sf_update_buildInfo        00000001800296c0 f   sfc_mex:sfc_sf.obj
 0001:000287c0       sf_rtw_info_uint_prop      00000001800297c0 f   sfc_mex:sfc_sf.obj
 0001:00028900       sf_is_chart_inlinable      0000000180029900 f   sfc_mex:sfc_sf.obj
 0001:00028920       sf_mark_output_events_with_multiple_callers 0000000180029920 f   sfc_mex:sfc_sf.obj
 0001:00028ab0       sf_mark_chart_reusable_outputs 0000000180029ab0 f   sfc_mex:sfc_sf.obj
 0001:00028d10       sf_mark_chart_expressionable_inputs 0000000180029d10 f   sfc_mex:sfc_sf.obj
 0001:00028f70       sf_get_subchart_simstruct  0000000180029f70 f   sfc_mex:sfc_sf.obj
 0001:00028fc0       sf_get_fixpt_data_type_id  0000000180029fc0 f   sfc_mex:sfc_sf.obj
 0001:00029000       sf_get_enum_data_type_id   000000018002a000 f   sfc_mex:sfc_sf.obj
 0001:00029040       sf_get_param_data_type_id  000000018002a040 f   sfc_mex:sfc_sf.obj
 0001:00029070       sf_mex_listen_for_ctrl_c_force 000000018002a070 f   sfc_mex:sfc_sf.obj
 0001:00029180       sf_mex_draw_now            000000018002a180 f   sfc_mex:sfc_sf.obj
 0001:000291c0       sf_mex_set_debugger_sim_status_listener_fcn 000000018002a1c0 f   sfc_mex:sfc_sf.obj
 0001:000291d0       sf_mex_listen_for_ctrl_c   000000018002a1d0 f   sfc_mex:sfc_sf.obj
 0001:00029270       sf_mex_get_sfun_param      000000018002a270 f   sfc_mex:sfc_sf.obj
 0001:000292c0       sf_get_runtime_param_data  000000018002a2c0 f   sfc_mex:sfc_sf.obj
 0001:00029300       sf_call_output_fcn_call    000000018002a300 f   sfc_mex:sfc_sf.obj
 0001:00029440       sf_call_output_fcn_enable  000000018002a440 f   sfc_mex:sfc_sf.obj
 0001:000294d0       sf_call_output_fcn_disable 000000018002a4d0 f   sfc_mex:sfc_sf.obj
 0001:00029560       sf_clear_rtw_identifier    000000018002a560 f   sfc_mex:sfc_sf.obj
 0001:00029d80       sf_set_encoded_dwork_info  000000018002ad80 f   sfc_mex:sfc_sf.obj
 0001:00029dd0       sf_get_dwork_info_from_mat_file 000000018002add0 f   sfc_mex:sfc_sf.obj
 0001:00029f90       sf_set_rtw_dwork_info      000000018002af90 f   sfc_mex:sfc_sf.obj
 0001:0002a100       mdlOutputs                 000000018002b100 f   sfc_mex:sfc_sf.obj
 0001:0002a220       sf_debug_chart_instance_initialized_quick 000000018002b220 f   sfc_debug:sfcdebug.obj
 0001:0002a2a0       sf_debug_disp              000000018002b2a0 f   sfc_debug:sfcdebug.obj
 0001:0002a570       sf_debug_data_runtime_size_mismatch_error_check 000000018002b570 f   sfc_debug:sfcdebug.obj
 0001:0002a620       sf_debug_try_loading_machine 000000018002b620 f   sfc_debug:sfcdebug.obj
 0001:0002a720       sf_debug_reset_current_state_configuration 000000018002b720 f   sfc_debug:sfcdebug.obj
 0001:0002a7a0       sf_debug_store_current_state_configuration 000000018002b7a0 f   sfc_debug:sfcdebug.obj
 0001:0002a820       sf_debug_restore_previous_state_configuration 000000018002b820 f   sfc_debug:sfcdebug.obj
 0001:0002a8a0       sf_debug_restore_previous_state_configuration2 000000018002b8a0 f   sfc_debug:sfcdebug.obj
 0001:0002a920       sf_debug_get_event_scope   000000018002b920 f   sfc_debug:sfcdebug.obj
 0001:0002aa90       use_debugger_step_animation 000000018002ba90 f   sfc_debug:sfcdebug.obj
 0001:0002aab0       sf_debug_get_script_id     000000018002bab0 f   sfc_debug:sfcdebug.obj
 0001:0002ab40       sf_debug_set_script_translation 000000018002bb40 f   sfc_debug:sfcdebug.obj
 0001:0002acc0       sf_debug_extract_message_post_receive_info 000000018002bcc0 f   sfc_debug:sfcdebug.obj
 0001:0002ae80       sf_debug_get_current_machine_id 000000018002be80 f   sfc_debug:sfcdebug.obj
 0001:0002aea0       sf_debug_get_current_optional_integer 000000018002bea0 f   sfc_debug:sfcdebug.obj
 0001:0002aeb0       sf_debug_get_current_machine_number 000000018002beb0 f   sfc_debug:sfcdebug.obj
 0001:0002aed0       sf_debug_get_current_machine_name 000000018002bed0 f   sfc_debug:sfcdebug.obj
 0001:0002aef0       sf_debug_get_current_chart_id 000000018002bef0 f   sfc_debug:sfcdebug.obj
 0001:0002af30       sf_debug_get_current_chart_number 000000018002bf30 f   sfc_debug:sfcdebug.obj
 0001:0002af40       sf_debug_get_current_instance_number 000000018002bf40 f   sfc_debug:sfcdebug.obj
 0001:0002af50       sf_debug_get_current_is_minor_time_step 000000018002bf50 f   sfc_debug:sfcdebug.obj
 0001:0002afd0       sf_debug_get_current_object_type 000000018002bfd0 f   sfc_debug:sfcdebug.obj
 0001:0002afe0       sf_debug_get_current_instance_handle 000000018002bfe0 f   sfc_debug:sfcdebug.obj
 0001:0002b040       sf_debug_get_current_event_type 000000018002c040 f   sfc_debug:sfcdebug.obj
 0001:0002b050       sf_debug_get_current_object_id 000000018002c050 f   sfc_debug:sfcdebug.obj
 0001:0002b090       sf_debug_get_current_active_event_type 000000018002c090 f   sfc_debug:sfcdebug.obj
 0001:0002b0a0       sf_debug_get_current_active_event_id 000000018002c0a0 f   sfc_debug:sfcdebug.obj
 0001:0002b0e0       sf_debug_get_current_tag_type 000000018002c0e0 f   sfc_debug:sfcdebug.obj
 0001:0002b0f0       sf_debug_get_current_simulation_time 000000018002c0f0 f   sfc_debug:sfcdebug.obj
 0001:0002b100       sf_debug_get_current_coverage_percentage 000000018002c100 f   sfc_debug:sfcdebug.obj
 0001:0002b110       sf_debug_current_statement_context 000000018002c110 f   sfc_debug:sfcdebug.obj
 0001:0002b190       sf_debug_get_current_statement_info 000000018002c190 f   sfc_debug:sfcdebug.obj
 0001:0002b330       sf_debug_terminate_instance 000000018002c330 f   sfc_debug:sfcdebug.obj
 0001:0002b650       sf_debug_assertion_failed  000000018002c650 f   sfc_debug:sfcdebug.obj
 0001:0002b820       sf_debug_create_debug_instance_struct 000000018002c820 f   sfc_debug:sfcdebug.obj
 0001:0002b870       sf_debug_set_number_of_data_with_change_event_for_machine 000000018002c870 f   sfc_debug:sfcdebug.obj
 0001:0002b8c0       sf_debug_set_machine_event_thresholds 000000018002c8c0 f   sfc_debug:sfcdebug.obj
 0001:0002b8e0       sf_debug_set_machine_event_scope 000000018002c8e0 f   sfc_debug:sfcdebug.obj
 0001:0002b930       sf_debug_set_machine_data_thresholds 000000018002c930 f   sfc_debug:sfcdebug.obj
 0001:0002b980       sf_debug_set_machine_data_scope 000000018002c980 f   sfc_debug:sfcdebug.obj
 0001:0002ba20       sf_debug_set_machine_data_name 000000018002ca20 f   sfc_debug:sfcdebug.obj
 0001:0002bad0       sf_debug_set_machine_data_size 000000018002cad0 f   sfc_debug:sfcdebug.obj
 0001:0002bc20       sf_debug_set_machine_data_type 000000018002cc20 f   sfc_debug:sfcdebug.obj
 0001:0002bd90       sf_debug_get_chart_data_number 000000018002cd90 f   sfc_debug:sfcdebug.obj
 0001:0002bdb0       sf_debug_get_chart_event_number 000000018002cdb0 f   sfc_debug:sfcdebug.obj
 0001:0002bdd0       sf_debug_set_chart_state_info 000000018002cdd0 f   sfc_debug:sfcdebug.obj
 0001:0002be60       sf_debug_set_chart_decomposition 000000018002ce60 f   sfc_debug:sfcdebug.obj
 0001:0002bed0       sf_debug_set_chart_substate_count 000000018002ced0 f   sfc_debug:sfcdebug.obj
 0001:0002bfb0       sf_debug_set_chart_substate_index 000000018002cfb0 f   sfc_debug:sfcdebug.obj
 0001:0002c030       sf_debug_set_chart_state_substate_count 000000018002d030 f   sfc_debug:sfcdebug.obj
 0001:0002c150       sf_debug_set_chart_state_substate_index 000000018002d150 f   sfc_debug:sfcdebug.obj
 0001:0002c1e0       sf_debug_set_number_of_data_with_change_event_for_chart 000000018002d1e0 f   sfc_debug:sfcdebug.obj
 0001:0002c270       sf_debug_set_number_of_states_with_entry_event_for_chart 000000018002d270 f   sfc_debug:sfcdebug.obj
 0001:0002c2f0       sf_debug_set_number_of_states_with_exit_event_for_chart 000000018002d2f0 f   sfc_debug:sfcdebug.obj
 0001:0002c370       sf_debug_set_chart_disable_implicit_casting 000000018002d370 f   sfc_debug:sfcdebug.obj
 0001:0002c3e0       sf_debug_set_chart_event_thresholds 000000018002d3e0 f   sfc_debug:sfcdebug.obj
 0001:0002c460       sf_debug_set_chart_data_compiled_props 000000018002d460 f   sfc_debug:sfcdebug.obj
 0001:0002c7a0       sf_debug_set_chart_data_props 000000018002d7a0 f   sfc_debug:sfcdebug.obj
 0001:0002cac0       sf_debug_check_fi_license  000000018002dac0 f   sfc_debug:sfcdebug.obj
 0001:0002cc80       sf_debug_symbol_scope_push 000000018002dc80 f   sfc_debug:sfcdebug.obj
 0001:0002ccc0       sf_debug_symbol_scope_push_eml 000000018002dcc0 f   sfc_debug:sfcdebug.obj
 0001:0002cd10       sf_debug_symbol_scope_pop  000000018002dd10 f   sfc_debug:sfcdebug.obj
 0001:0002cd50       sf_debug_symbol_scope_add_importable 000000018002dd50 f   sfc_debug:sfcdebug.obj
 0001:0002cdd0       sf_debug_symbol_scope_add  000000018002ddd0 f   sfc_debug:sfcdebug.obj
 0001:0002ce50       sf_debug_symbol_scope_add_dyn_importable 000000018002de50 f   sfc_debug:sfcdebug.obj
 0001:0002cf10       sf_debug_symbol_scope_add_dyn 000000018002df10 f   sfc_debug:sfcdebug.obj
 0001:0002cf50       sf_debug_symbol_scope_add_eml_importable 000000018002df50 f   sfc_debug:sfcdebug.obj
 0001:0002cf90       sf_debug_symbol_scope_add_eml 000000018002df90 f   sfc_debug:sfcdebug.obj
 0001:0002cfd0       sf_debug_symbol_scope_add_eml_dyn_importable 000000018002dfd0 f   sfc_debug:sfcdebug.obj
 0001:0002d030       sf_debug_symbol_scope_add_eml_dyn 000000018002e030 f   sfc_debug:sfcdebug.obj
 0001:0002d090       sf_debug_symbol_switch     000000018002e090 f   sfc_debug:sfcdebug.obj
 0001:0002d0b0       sf_debug_symbol_scope_add_verbose 000000018002e0b0 f   sfc_debug:sfcdebug.obj
 0001:0002d180       sf_debug_set_machine_data_value_ptr 000000018002e180 f   sfc_debug:sfcdebug.obj
 0001:0002d1c0       sf_debug_set_instance_data_value_ptr 000000018002e1c0 f   sfc_debug:sfcdebug.obj
 0001:0002d290       sf_debug_unset_instance_data_value_ptr 000000018002e290 f   sfc_debug:sfcdebug.obj
 0001:0002d340       sf_debug_set_chart_event_scope 000000018002e340 f   sfc_debug:sfcdebug.obj
 0001:0002d3c0       sf_debug_set_chart_transition_coverage_maps 000000018002e3c0 f   sfc_debug:sfcdebug.obj
 0001:0002d4c0       sf_debug_set_chart_state_coverage_maps 000000018002e4c0 f   sfc_debug:sfcdebug.obj
 0001:0002d590       sf_debug_set_instance_transition_coverage_weights 000000018002e590 f   sfc_debug:sfcdebug.obj
 0001:0002d620       sf_debug_set_instance_state_coverage_weights 000000018002e620 f   sfc_debug:sfcdebug.obj
 0001:0002d870       sf_debug_unload_machine    000000018002e870 f   sfc_debug:sfcdebug.obj
 0001:0002d8c0       sf_debug_load_machine      000000018002e8c0 f   sfc_debug:sfcdebug.obj
 0001:0002d9d0       sf_debug_set_active_instance_in_data_dictionary 000000018002e9d0 f   sfc_debug:sfcdebug.obj
 0001:0002dbb0       sf_debug_set_active_instance 000000018002ebb0 f   sfc_debug:sfcdebug.obj
 0001:0002dd10       sf_debug_chart_visiblity_change 000000018002ed10 f   sfc_debug:sfcdebug.obj
 0001:0002de00       sf_debug_select_chart      000000018002ee00 f   sfc_debug:sfcdebug.obj
 0001:0002df60       sf_debug_set_instance_cv_ids 000000018002ef60 f   sfc_debug:sfcdebug.obj
 0001:0002e290       sf_debug_select_charts     000000018002f290 f   sfc_debug:sfcdebug.obj
 0001:0002e440       sf_debug_initialized       000000018002f440 f   sfc_debug:sfcdebug.obj
 0001:0002e460       sf_debug_is_uninterruptible 000000018002f460 f   sfc_debug:sfcdebug.obj
 0001:0002e490       sf_debug_initialize_debugger_gui 000000018002f490 f   sfc_debug:sfcdebug.obj
 0001:0002e870       sf_debug_resume            000000018002f870 f   sfc_debug:sfcdebug.obj
 0001:0002e890       sf_debug_go                000000018002f890 f   sfc_debug:sfcdebug.obj
 0001:0002e8a0       sf_debug_break             000000018002f8a0 f   sfc_debug:sfcdebug.obj
 0001:0002e8b0       sf_debug_step_over         000000018002f8b0 f   sfc_debug:sfcdebug.obj
 0001:0002e8c0       sf_debug_step_out          000000018002f8c0 f   sfc_debug:sfcdebug.obj
 0001:0002e8d0       sf_debug_set_disable_all_breakpoints 000000018002f8d0 f   sfc_debug:sfcdebug.obj
 0001:0002e8e0       sf_debug_disable_all_breakpoints_and_go 000000018002f8e0 f   sfc_debug:sfcdebug.obj
 0001:0002e8f0       sf_debug_break_on_chart_entry 000000018002f8f0 f   sfc_debug:sfcdebug.obj
 0001:0002e900       sf_debug_break_on_event_broadcast 000000018002f900 f   sfc_debug:sfcdebug.obj
 0001:0002e910       sf_debug_break_on_state_entry 000000018002f910 f   sfc_debug:sfcdebug.obj
 0001:0002e920       sf_debug_break_between_times 000000018002f920 f   sfc_debug:sfcdebug.obj
 0001:0002e940       sf_debug_browse_data       000000018002f940 f   sfc_debug:sfcdebug.obj
 0001:0002e950       sf_debug_watch_data        000000018002f950 f   sfc_debug:sfcdebug.obj
 0001:0002e980       sf_debug_assign_data       000000018002f980 f   sfc_debug:sfcdebug.obj
 0001:0002e990       sf_debug_whos              000000018002f990 f   sfc_debug:sfcdebug.obj
 0001:0002e9b0       sf_debug_get_consistency_info 000000018002f9b0 f   sfc_debug:sfcdebug.obj
 0001:0002e9c0       sf_debug_browse_trace      000000018002f9c0 f   sfc_debug:sfcdebug.obj
 0001:0002e9d0       sf_debug_set_breakpoints   000000018002f9d0 f   sfc_debug:sfcdebug.obj
 0001:0002eb40       sf_debug_set_eml_breakpoints 000000018002fb40 f   sfc_debug:sfcdebug.obj
 0001:0002eca0       sf_debug_set_script_breakpoints 000000018002fca0 f   sfc_debug:sfcdebug.obj
 0001:0002ed20       sf_debug_add_script_breakpoints 000000018002fd20 f   sfc_debug:sfcdebug.obj
 0001:0002ed90       sf_debug_clear_script_breakpoints 000000018002fd90 f   sfc_debug:sfcdebug.obj
 0001:0002ee00       sf_debug_query_script_breakpoints 000000018002fe00 f   sfc_debug:sfcdebug.obj
 0001:0002eeb0       sf_debug_get_eml_script_id 000000018002feb0 f   sfc_debug:sfcdebug.obj
 0001:0002ef00       sf_debug_set_watch         000000018002ff00 f   sfc_debug:sfcdebug.obj
 0001:0002f120       sf_debug_get_instance_handle 0000000180030120 f   sfc_debug:sfcdebug.obj
 0001:0002f1b0       sf_debug_get_active_states 00000001800301b0 f   sfc_debug:sfcdebug.obj
 0001:0002f1c0       sf_debug_set_honor_breakpoints 00000001800301c0 f   sfc_debug:sfcdebug.obj
 0001:0002f1d0       sf_debug_get_animation     00000001800301d0 f   sfc_debug:sfcdebug.obj
 0001:0002f1e0       sf_debug_set_animation     00000001800301e0 f   sfc_debug:sfcdebug.obj
 0001:0002f1f0       sf_debug_animate           00000001800301f0 f   sfc_debug:sfcdebug.obj
 0001:0002f210       sf_debug_cycle_detection_check 0000000180030210 f   sfc_debug:sfcdebug.obj
 0001:0002f220       sf_debug_data_range_check  0000000180030220 f   sfc_debug:sfcdebug.obj
 0001:0002f230       sf_debug_transition_conflict_check 0000000180030230 f   sfc_debug:sfcdebug.obj
 0001:0002f240       sf_debug_state_consistency_check 0000000180030240 f   sfc_debug:sfcdebug.obj
 0001:0002f250       sf_debug_data_range_check_enabled 0000000180030250 f   sfc_debug:sfcdebug.obj
 0001:0002f270       sf_debug_transition_conflict_check_enabled 0000000180030270 f   sfc_debug:sfcdebug.obj
 0001:0002f290       sf_debug_transition_conflict_check_begin 0000000180030290 f   sfc_debug:sfcdebug.obj
 0001:0002f2b0       sf_debug_transition_conflict_check_end 00000001800302b0 f   sfc_debug:sfcdebug.obj
 0001:0002f2d0       sf_debug_stop_debugging    00000001800302d0 f   sfc_debug:sfcdebug.obj
 0001:0002f300       sf_debug_is_cycle_detected 0000000180030300 f   sfc_debug:sfcdebug.obj
 0001:0002f310       sf_debug_is_array_bounds_detected 0000000180030310 f   sfc_debug:sfcdebug.obj
 0001:0002f320       sf_debug_get_state_vectors_data_size 0000000180030320 f   sfc_debug:sfcdebug.obj
 0001:0002f360       sf_debug_get_state_vectors_data 0000000180030360 f   sfc_debug:sfcdebug.obj
 0001:0002f470       sf_debug_set_state_vectors_data 0000000180030470 f   sfc_debug:sfcdebug.obj
 0001:0002f700       sf_debug_get_script_index  0000000180030700 f   sfc_debug:sfcdebug.obj
 0001:0002f890       sf_debug_add_script        0000000180030890 f   sfc_debug:sfcdebug.obj
 0001:0002fa20       cv_eval_point              0000000180030a20 f   sfc_debug:sfcdebug.obj
 0001:0002fb90       cv_eval_testobjective      0000000180030b90 f   sfc_debug:sfcdebug.obj
 0001:0002fca0       sf_debug_cv_init_state     0000000180030ca0 f   sfc_debug:sfcdebug.obj
 0001:0002fdd0       sf_debug_cv_init_chart     0000000180030dd0 f   sfc_debug:sfcdebug.obj
 0001:0002fec0       sf_debug_cv_init_trans     0000000180030ec0 f   sfc_debug:sfcdebug.obj
 0001:0002ffd0       sf_debug_cv_init_saturation 0000000180030fd0 f   sfc_debug:sfcdebug.obj
 0001:000300d0       sf_debug_cv_init_testobjectives 00000001800310d0 f   sfc_debug:sfcdebug.obj
 0001:000302b0       cv_eml_init_script         00000001800312b0 f   sfc_debug:sfcdebug.obj
 0001:000303d0       cv_eml_init_fcn            00000001800313d0 f   sfc_debug:sfcdebug.obj
 0001:000304e0       cv_eml_init_testobjective  00000001800314e0 f   sfc_debug:sfcdebug.obj
 0001:000305c0       cv_eml_init_saturation     00000001800315c0 f   sfc_debug:sfcdebug.obj
 0001:00030690       cv_eml_init_if             0000000180031690 f   sfc_debug:sfcdebug.obj
 0001:00030770       cv_eml_init_for            0000000180031770 f   sfc_debug:sfcdebug.obj
 0001:00030840       cv_eml_init_while          0000000180031840 f   sfc_debug:sfcdebug.obj
 0001:00030910       cv_eml_init_mcdc           0000000180031910 f   sfc_debug:sfcdebug.obj
 0001:00030a30       cv_eml_init_switch         0000000180031a30 f   sfc_debug:sfcdebug.obj
 0001:00030b30       cv_eml_eval                0000000180031b30 f   sfc_debug:sfcdebug.obj
 0001:00030c20       sf_debug_bm_is_a_eml_breakpoint 0000000180031c20 f   sfc_debug:sfcdebug.obj
 0001:00030d70       sf_debug_temporal_threshold 0000000180031d70 f   sfc_debug:sfcdebug.obj
 0001:000310e0       sf_debug_transition_conflict_error 00000001800320e0 f   sfc_debug:sfcdebug.obj
 0001:00031440       sf_debug_state_inconsistency_error 0000000180032440 f   sfc_debug:sfcdebug.obj
 0001:00031560       sf_debug_check_for_state_inconsistency 0000000180032560 f   sfc_debug:sfcdebug.obj
 0001:000315a0       sf_debug_cycle_detecton_error 00000001800325a0 f   sfc_debug:sfcdebug.obj
 0001:00031cf0       sf_debug_size_eq_check_1d  0000000180032cf0 f   sfc_debug:sfcdebug.obj
 0001:00031d10       sf_debug_size_eq_check_nd  0000000180032d10 f   sfc_debug:sfcdebug.obj
 0001:00031f10       sf_debug_dim_size_eq_check 0000000180032f10 f   sfc_debug:sfcdebug.obj
 0001:00031f40       sf_debug_dim_size_geq_check 0000000180032f40 f   sfc_debug:sfcdebug.obj
 0001:00031f70       sf_debug_sub_assign_size_check_nd 0000000180032f70 f   sfc_debug:sfcdebug.obj
 0001:00032150       sf_debug_matrix_matrix_index_check 0000000180033150 f   sfc_debug:sfcdebug.obj
 0001:000321a0       sf_debug_vector_vector_index_check 00000001800331a0 f   sfc_debug:sfcdebug.obj
 0001:000321f0       sf_debug_for_loop_vector_check 00000001800331f0 f   sfc_debug:sfcdebug.obj
 0001:00032290       sf_debug_runtime_error_msgid 0000000180033290 f   sfc_debug:sfcdebug.obj
 0001:00032330       sf_debug_data_array_bounds_error_check 0000000180033330 f   sfc_debug:sfcdebug.obj
 0001:00032440       sf_debug_eml_data_array_bounds_error_check 0000000180033440 f   sfc_debug:sfcdebug.obj
 0001:00032900       sf_debug_integer_check     0000000180033900 f   sfc_debug:sfcdebug.obj
 0001:000329f0       sf_debug_not_nan_check     00000001800339f0 f   sfc_debug:sfcdebug.obj
 0001:00032ac0       sf_debug_non_negative_check 0000000180033ac0 f   sfc_debug:sfcdebug.obj
 0001:00032b90       sf_debug_overflow_detection 0000000180033b90 f   sfc_debug:sfcdebug.obj
 0001:000331f0       sf_debug_cast_to_real32_T  00000001800341f0 f   sfc_debug:sfcdebug.obj
 0001:000332c0       sf_debug_cast_to_int8_T    00000001800342c0 f   sfc_debug:sfcdebug.obj
 0001:00033390       sf_debug_cast_to_uint8_T   0000000180034390 f   sfc_debug:sfcdebug.obj
 0001:00033460       sf_debug_cast_to_int16_T   0000000180034460 f   sfc_debug:sfcdebug.obj
 0001:00033530       sf_debug_cast_to_uint16_T  0000000180034530 f   sfc_debug:sfcdebug.obj
 0001:00033600       sf_debug_cast_to_int32_T   0000000180034600 f   sfc_debug:sfcdebug.obj
 0001:000336d0       sf_debug_cast_to_uint32_T  00000001800346d0 f   sfc_debug:sfcdebug.obj
 0001:000337a0       sf_debug_data_range_error  00000001800347a0 f   sfc_debug:sfcdebug.obj
 0001:00033ab0       sf_debug_read_before_write_check 0000000180034ab0 f   sfc_debug:sfcdebug.obj
 0001:00033ee0       sf_debug_data_range_error_wrapper_min_max 0000000180034ee0 f   sfc_debug:sfcdebug.obj
 0001:00034000       sf_debug_data_range_error_wrapper_min 0000000180035000 f   sfc_debug:sfcdebug.obj
 0001:00034110       sf_debug_data_range_error_wrapper_max 0000000180035110 f   sfc_debug:sfcdebug.obj
 0001:00034220       sf_debug_data_range_wrapper 0000000180035220 f   sfc_debug:sfcdebug.obj
 0001:000342e0       sf_debug_set_current_status_info 00000001800352e0 f   sfc_debug:sfcdebug.obj
 0001:00034680       sf_debug_register_message_post_receive_info 0000000180035680 f   sfc_debug:sfcdebug.obj
 0001:000348d0       sf_debug_call              00000001800358d0 f   sfc_debug:sfcdebug.obj
 0001:00035230       sf_debug_initialize_machine 0000000180036230 f   sfc_debug:sfcdebug.obj
 0001:000354e0       sf_debug_initialize_chart  00000001800364e0 f   sfc_debug:sfcdebug.obj
 0001:00035930       sf_debug_ensure_script     0000000180036930 f   sfc_debug:sfcdebug.obj
 0001:000359e0       cv_eval_saturation         00000001800369e0 f   sfc_debug:sfcdebug.obj
 0001:00035b60       cv_saturation_accum        0000000180036b60 f   sfc_debug:sfcdebug.obj
 0001:00035ca0       cv_script_init_script      0000000180036ca0 f   sfc_debug:sfcdebug.obj
 0001:00035d90       cv_script_init_fcn         0000000180036d90 f   sfc_debug:sfcdebug.obj
 0001:00035e50       cv_script_init_testobjective 0000000180036e50 f   sfc_debug:sfcdebug.obj
 0001:00035f10       cv_script_init_saturation  0000000180036f10 f   sfc_debug:sfcdebug.obj
 0001:00035fc0       cv_script_init_if          0000000180036fc0 f   sfc_debug:sfcdebug.obj
 0001:00036080       cv_script_init_for         0000000180037080 f   sfc_debug:sfcdebug.obj
 0001:00036130       cv_script_init_while       0000000180037130 f   sfc_debug:sfcdebug.obj
 0001:000361e0       cv_script_init_mcdc        00000001800371e0 f   sfc_debug:sfcdebug.obj
 0001:000362e0       cv_script_init_switch      00000001800372e0 f   sfc_debug:sfcdebug.obj
 0001:000363c0       cv_script_eval             00000001800373c0 f   sfc_debug:sfcdebug.obj
 0001:00036490       eml_debug_line_call        0000000180037490 f   sfc_debug:sfcdebug.obj
 0001:00036660       sf_debug_terminate         0000000180037660 f   sfc_debug:sfcdebug.obj
 0001:00036870       sf_debug_set_script_cv_ids 0000000180037870 f   sfc_debug:sfcdebug.obj
 0001:000369a0       sf_debug_api               00000001800379a0 f   sfc_debug:sfc_api.obj
 0001:00038290       sf_debug_sm_terminate      0000000180039290 f   sfc_debug:sfdb_animation.obj
 0001:00038440       sf_debug_reset_path_objects 0000000180039440 f   sfc_debug:sfdb_animation.obj
 0001:000384c0       sf_debug_sm_reset_object_selection_status 00000001800394c0 f   sfc_debug:sfdb_animation.obj
 0001:00038560       sf_debug_sm_reset_state_buffer 0000000180039560 f   sfc_debug:sfdb_animation.obj
 0001:00038630       sf_debug_sm_store_state_buffer 0000000180039630 f   sfc_debug:sfdb_animation.obj
 0001:000386b0       sf_debug_sm_restore_state_buffer1 00000001800396b0 f   sfc_debug:sfdb_animation.obj
 0001:00038720       sf_debug_sm_restore_state_buffer2 0000000180039720 f   sfc_debug:sfdb_animation.obj
 0001:00038790       sf_debug_sm_chart_active   0000000180039790 f   sfc_debug:sfdb_animation.obj
 0001:000387e0       sf_debug_sm_select_active_objects 00000001800397e0 f   sfc_debug:sfdb_animation.obj
 0001:00038cb0       sf_debug_sm_is_chart_active 0000000180039cb0 f   sfc_debug:sfdb_animation.obj
 0001:00038cf0       sf_debug_sm_is_state_active 0000000180039cf0 f   sfc_debug:sfdb_animation.obj
 0001:00038f30       sf_debug_sm_get_active_states 0000000180039f30 f   sfc_debug:sfdb_animation.obj
 0001:000394e0       sf_debug_sm_initialize_instance 000000018003a4e0 f   sfc_debug:sfdb_animation.obj
 0001:000396f0       sf_debug_sm_change_object_selection_status 000000018003a6f0 f   sfc_debug:sfdb_animation.obj
 0001:000399c0       cv_create_interface        000000018003a9c0 f   sfc_debug:cv_sfinterface.obj
 0001:00039cd0       cv_init_trans              000000018003acd0 f   sfc_debug:cv_sfinterface.obj
 0001:00039d20       cv_init_saturation         000000018003ad20 f   sfc_debug:cv_sfinterface.obj
 0001:00039d60       cv_init_testobjective      000000018003ad60 f   sfc_debug:cv_sfinterface.obj
 0001:00039da0       cv_init_state              000000018003ada0 f   sfc_debug:cv_sfinterface.obj
 0001:00039e10       cv_init_chart              000000018003ae10 f   sfc_debug:cv_sfinterface.obj
 0001:00039e60       cv_dec_update_call         000000018003ae60 f   sfc_debug:cv_sfinterface.obj
 0001:00039ea0       cv_cond_update_call        000000018003aea0 f   sfc_debug:cv_sfinterface.obj
 0001:00039ee0       cv_saturation_update_call  000000018003aee0 f   sfc_debug:cv_sfinterface.obj
 0001:00039f20       cv_saturation_update_accum 000000018003af20 f   sfc_debug:cv_sfinterface.obj
 0001:00039f60       cv_testobjective_update_call 000000018003af60 f   sfc_debug:cv_sfinterface.obj
 0001:00039fa0       cv_sigrange_update         000000018003afa0 f   sfc_debug:cv_sfinterface.obj
 0001:00039fe0       cvsf_eml_eval              000000018003afe0 f   sfc_debug:cv_sfinterface.obj
 0001:0003a0c0       cvsf_eml_init_script       000000018003b0c0 f   sfc_debug:cv_sfinterface.obj
 0001:0003a150       cvsf_eml_init_fcn          000000018003b150 f   sfc_debug:cv_sfinterface.obj
 0001:0003a1b0       cvsf_eml_init_testobjective 000000018003b1b0 f   sfc_debug:cv_sfinterface.obj
 0001:0003a210       cvsf_eml_init_saturation   000000018003b210 f   sfc_debug:cv_sfinterface.obj
 0001:0003a260       cvsf_eml_init_if           000000018003b260 f   sfc_debug:cv_sfinterface.obj
 0001:0003a2c0       cvsf_eml_init_for          000000018003b2c0 f   sfc_debug:cv_sfinterface.obj
 0001:0003a310       cvsf_eml_init_while        000000018003b310 f   sfc_debug:cv_sfinterface.obj
 0001:0003a360       cvsf_eml_init_mcdc         000000018003b360 f   sfc_debug:cv_sfinterface.obj
 0001:0003a3f0       cvsf_eml_init_switch       000000018003b3f0 f   sfc_debug:cv_sfinterface.obj
 0001:0003a460       cvsf_script_eval           000000018003b460 f   sfc_debug:cv_sfinterface.obj
 0001:0003a540       cvsf_script_init_script    000000018003b540 f   sfc_debug:cv_sfinterface.obj
 0001:0003a5d0       cvsf_script_init_fcn       000000018003b5d0 f   sfc_debug:cv_sfinterface.obj
 0001:0003a630       cvsf_script_init_testobjective 000000018003b630 f   sfc_debug:cv_sfinterface.obj
 0001:0003a690       cvsf_script_init_saturation 000000018003b690 f   sfc_debug:cv_sfinterface.obj
 0001:0003a6e0       cvsf_script_init_if        000000018003b6e0 f   sfc_debug:cv_sfinterface.obj
 0001:0003a740       cvsf_script_init_for       000000018003b740 f   sfc_debug:cv_sfinterface.obj
 0001:0003a790       cvsf_script_init_while     000000018003b790 f   sfc_debug:cv_sfinterface.obj
 0001:0003a7e0       cvsf_script_init_mcdc      000000018003b7e0 f   sfc_debug:cv_sfinterface.obj
 0001:0003a870       cvsf_script_init_switch    000000018003b870 f   sfc_debug:cv_sfinterface.obj
 0001:0003a8e0       cv_destroy_interface       000000018003b8e0 f   sfc_debug:cv_sfinterface.obj
 0001:0003a900       cv_create_instance_objects 000000018003b900 f   sfc_debug:cv_sfinterface.obj
 0001:0003ad70       cv_is_enabled              000000018003bd70 f   sfc_debug:cv_sfinterface.obj
 0001:0003ad80       sf_debug_cv_initialize_script 000000018003bd80 f   sfc_debug:cv_sfinterface.obj
 0001:0003af10       sf_debug_cv_initialize_instance 000000018003bf10 f   sfc_debug:cv_sfinterface.obj
 0001:0003b2a0       sf_debug_cv_terminate_chart 000000018003c2a0 f   sfc_debug:cv_sfinterface.obj
 0001:0003b3c0       cv_call_trans_test         000000018003c3c0 f   sfc_debug:cv_sfinterface.obj
 0001:0003b3d0       cv_call_sub_cond_test      000000018003c3d0 f   sfc_debug:cv_sfinterface.obj
 0001:0003b410       sf_debug_st_initialize_machine 000000018003c410 f   sfc_debug:sfdb_data_browse.obj
 0001:0003b4c0       sf_debug_st_initialize_instance 000000018003c4c0 f   sfc_debug:sfdb_data_browse.obj
 0001:0003b6d0       sf_debug_st_terminate      000000018003c6d0 f   sfc_debug:sfdb_data_browse.obj
 0001:0003ba70       sf_debug_st_set_data_value_ptr_in_machine 000000018003ca70 f   sfc_debug:sfdb_data_browse.obj
 0001:0003bb00       sf_debug_st_set_data_value_ptr_in_instance 000000018003cb00 f   sfc_debug:sfdb_data_browse.obj
 0001:0003bbe0       sf_debug_st_unset_data_value_ptr_in_machine 000000018003cbe0 f   sfc_debug:sfdb_data_browse.obj
 0001:0003bc50       sf_debug_st_unset_data_value_ptr_in_instance 000000018003cc50 f   sfc_debug:sfdb_data_browse.obj
 0001:0003bf10       sf_debug_mx_value          000000018003cf10 f   sfc_debug:sfdb_data_browse.obj
 0001:0003bf70       sf_debug_mx_packed_vector  000000018003cf70 f   sfc_debug:sfdb_data_browse.obj
 0001:0003c050       sf_debug_mx_uint_vector    000000018003d050 f   sfc_debug:sfdb_data_browse.obj
 0001:0003c100       sf_debug_st_get_double_value_from_void_ptr_vector 000000018003d100 f   sfc_debug:sfdb_data_browse.obj
 0001:0003cbe0       sf_debug_st_browse_data    000000018003dbe0 f   sfc_debug:sfdb_data_browse.obj
 0001:0003d420       sf_debug_hm_initialize_instance 000000018003e420 f   sfc_debug:sfdb_handle_management.obj
 0001:0003d900       sf_debug_hm_get_object_id  000000018003e900 f   sfc_debug:sfdb_handle_management.obj
 0001:0003e4b0       sf_debug_hm_update_chart_visibility 000000018003f4b0 f   sfc_debug:sfdb_handle_management.obj
 0001:0003f6a0       sf_debug_object_is_eml_function 00000001800406a0 f   sfc_debug:sfdb_handle_management.obj
 0001:0003f710       sf_debug_hm_initialize_ids_in_machine 0000000180040710 f   sfc_debug:sfdb_handle_management.obj
 0001:0003f880       sf_debug_hm_initialize_ids_in_chart 0000000180040880 f   sfc_debug:sfdb_handle_management.obj
 0001:0003f980       sf_debug_hm_initialize_chart 0000000180040980 f   sfc_debug:sfdb_handle_management.obj
 0001:00040080       sf_debug_hm_terminate      0000000180041080 f   sfc_debug:sfdb_handle_management.obj
 0001:000400e0       sf_debug_hm_initialize_machine 00000001800410e0 f   sfc_debug:sfdb_handle_management.obj
 0001:00040800       sf_debug_ss_initialize     0000000180041800 f   sfc_debug:sfdb_symbol_scope.obj
 0001:00040820       sf_debug_ss_terminate      0000000180041820 f   sfc_debug:sfdb_symbol_scope.obj
 0001:000408b0       sf_debug_ss_push_symbol_scope 00000001800418b0 f   sfc_debug:sfdb_symbol_scope.obj
 0001:000409b0       sf_debug_ss_push_symbol_scope_eml 00000001800419b0 f   sfc_debug:sfdb_symbol_scope.obj
 0001:00040a10       sf_debug_ss_pop_symbol_scope 0000000180041a10 f   sfc_debug:sfdb_symbol_scope.obj
 0001:00040ac0       sf_debug_ss_add_symbol     0000000180041ac0 f   sfc_debug:sfdb_symbol_scope.obj
 0001:00040c30       sf_debug_ss_add_symbol_eml 0000000180041c30 f   sfc_debug:sfdb_symbol_scope.obj
 0001:00041b30       sf_debug_ss_set_data_value 0000000180042b30 f   sfc_debug:sfdb_symbol_scope.obj
 0001:00041f80       getInstanceNumber          0000000180042f80 f   sfc_debug:sfdb_symbol_scope.obj
 0001:00042050       sf_debug_ss_watch_data     0000000180043050 f   sfc_debug:sfdb_symbol_scope.obj
 0001:00042240       sf_debug_ss_assign_data    0000000180043240 f   sfc_debug:sfdb_symbol_scope.obj
 0001:00042c50       get_data_entry_name        0000000180043c50 f   sfc_debug:sfdb_symbol_scope.obj
 0001:00042ca0       sf_debug_ss_whos           0000000180043ca0 f   sfc_debug:sfdb_symbol_scope.obj
 0001:000432f0       sf_debug_cc_initialize_chart 00000001800442f0 f   sfc_debug:sfdb_coverage.obj
 0001:00043ce0       sf_debug_cc_initialize_instance 0000000180044ce0 f   sfc_debug:sfdb_coverage.obj
 0001:00044a20       sf_debug_cc_terminate      0000000180045a20 f   sfc_debug:sfdb_coverage.obj
 0001:00044b10       sf_debug_cc_set_transition_maps 0000000180045b10 f   sfc_debug:sfdb_coverage.obj
 0001:00044c40       sf_debug_cc_set_state_maps 0000000180045c40 f   sfc_debug:sfdb_coverage.obj
 0001:00044d20       sf_debug_cc_set_transition_weights 0000000180045d20 f   sfc_debug:sfdb_coverage.obj
 0001:00044fe0       sf_debug_cc_set_state_weights 0000000180045fe0 f   sfc_debug:sfdb_coverage.obj
 0001:000452b0       sf_debug_cc_mark_transition_guard 00000001800462b0 f   sfc_debug:sfdb_coverage.obj
 0001:00045340       sf_debug_cc_mark_transition_trigger 0000000180046340 f   sfc_debug:sfdb_coverage.obj
 0001:000453d0       sf_debug_cc_mark_transition_decision 00000001800463d0 f   sfc_debug:sfdb_coverage.obj
 0001:00045440       sf_debug_cc_mark_transition_condition_action 0000000180046440 f   sfc_debug:sfdb_coverage.obj
 0001:00045490       sf_debug_cc_mark_transition_transition_action 0000000180046490 f   sfc_debug:sfdb_coverage.obj
 0001:000454e0       sf_debug_cc_mark_state_entry 00000001800464e0 f   sfc_debug:sfdb_coverage.obj
 0001:00045530       sf_debug_cc_mark_state_during 0000000180046530 f   sfc_debug:sfdb_coverage.obj
 0001:00045580       sf_debug_cc_mark_state_exit 0000000180046580 f   sfc_debug:sfdb_coverage.obj
 0001:000455d0       sf_debug_bm_clear_script_breakpoints 00000001800465d0 f   sfc_debug:sfdb_breakpoints.obj
 0001:00045600       sf_debug_bm_set_script_breakpoint 0000000180046600 f   sfc_debug:sfdb_breakpoints.obj
 0001:00045680       sf_debug_bm_clear_single_script_breakpoint 0000000180046680 f   sfc_debug:sfdb_breakpoints.obj
 0001:00045700       sf_debug_bm_query_script_breakpoint 0000000180046700 f   sfc_debug:sfdb_breakpoints.obj
 0001:00045750       sf_debug_bm_initialize_scripts 0000000180046750 f   sfc_debug:sfdb_breakpoints.obj
 0001:00045de0       sf_debug_bm_terminate      0000000180046de0 f   sfc_debug:sfdb_breakpoints.obj
 0001:000460c0       sf_debug_bm_remove_all_breakpoints_in_machine 00000001800470c0 f   sfc_debug:sfdb_breakpoints.obj
 0001:00046120       sf_debug_bm_remove_all_breakpoints_in_chart 0000000180047120 f   sfc_debug:sfdb_breakpoints.obj
 0001:00046270       sf_debug_bm_initialize_global_breakpoints 0000000180047270 f   sfc_debug:sfdb_breakpoints.obj
 0001:000463f0       sf_debug_bm_set_breakpoint 00000001800473f0 f   sfc_debug:sfdb_breakpoints.obj
 0001:000469b0       sf_debug_bm_set_eml_breakpoint 00000001800479b0 f   sfc_debug:sfdb_breakpoints.obj
 0001:00046a40       sf_debug_bm_initialize_machine_breakpoint_map 0000000180047a40 f   sfc_debug:sfdb_breakpoints.obj
 0001:00046e60       sf_debug_bm_is_a_breakpoint 0000000180047e60 f   sfc_debug:sfdb_breakpoints.obj
 0001:00047380       sf_debug_bm_get_all_breakpoints_in_machine 0000000180048380 f   sfc_debug:sfdb_breakpoints.obj
 0001:00047680       sf_debug_bm_get_all_breakpoints_in_chart 0000000180048680 f   sfc_debug:sfdb_breakpoints.obj
 0001:00048210       sf_debug_bm_initialize_machine 0000000180049210 f   sfc_debug:sfdb_breakpoints.obj
 0001:000482e0       sf_debug_bm_initialize_chart 00000001800492e0 f   sfc_debug:sfdb_breakpoints.obj
 0001:000486d0       sf_debug_sc_terminate      00000001800496d0 f   sfc_debug:sfdb_state_consistency.obj
 0001:000489f0       sf_debug_sc_is_chart_consistent 00000001800499f0 f   sfc_debug:sfdb_state_consistency.obj
 0001:00048ca0       sf_debug_sc_get_consistency_error_info 0000000180049ca0 f   sfc_debug:sfdb_state_consistency.obj
 0001:000490b0       sf_debug_tm_terminate      000000018004a0b0 f   sfc_debug:sfdb_call_stack.obj
 0001:00049160       sf_debug_tm_push_chart_instance 000000018004a160 f   sfc_debug:sfdb_call_stack.obj
 0001:000492a0       sf_debug_tm_pop_chart_instance 000000018004a2a0 f   sfc_debug:sfdb_call_stack.obj
 0001:00049300       sf_debug_tm_push_trace_node 000000018004a300 f   sfc_debug:sfdb_call_stack.obj
 0001:00049480       sf_debug_tm_pop_trace_node 000000018004a480 f   sfc_debug:sfdb_call_stack.obj
 0001:00049500       sf_debug_tm_get_current_global_trace_index 000000018004a500 f   sfc_debug:sfdb_call_stack.obj
 0001:00049510       sf_debug_tm_get_current_local_trace_index 000000018004a510 f   sfc_debug:sfdb_call_stack.obj
 0001:00049540       sf_debug_tm_set_cycle_detected_flag 000000018004a540 f   sfc_debug:sfdb_call_stack.obj
 0001:00049580       sf_debug_tm_set_cycle_started_flag 000000018004a580 f   sfc_debug:sfdb_call_stack.obj
 0001:000495c0       sf_debug_tm_get_chart_number_from_stack 000000018004a5c0 f   sfc_debug:sfdb_call_stack.obj
 0001:000497c0       sf_debug_tm_browse_trace   000000018004a7c0 f   sfc_debug:sfdb_call_stack.obj
 0001:00049ad0       sf_debug_cd_initialize_instance 000000018004aad0 f   sfc_debug:sfdb_cycle_detection.obj
 0001:00049d80       sf_debug_cd_mark_processed_transition_in_instance 000000018004ad80 f   sfc_debug:sfdb_cycle_detection.obj
 0001:00049e20       sf_debug_cd_checksum_push  000000018004ae20 f   sfc_debug:sfdb_cycle_detection.obj
 0001:0004a0d0       sf_debug_cd_checksum_pop   000000018004b0d0 f   sfc_debug:sfdb_cycle_detection.obj
 0001:0004a140       sf_debug_cd_turn_off_cycle_detection 000000018004b140 f   sfc_debug:sfdb_cycle_detection.obj
 0001:0004a190       sf_debug_cd_terminate      000000018004b190 f   sfc_debug:sfdb_cycle_detection.obj
 0001:0004a3c0       md5_initialize_state       000000018004b3c0 f   sfc_debug:ckmd5.obj
 0001:0004ae50       md5_update_state           000000018004be50 f   sfc_debug:ckmd5.obj
 0001:0004ae70       md5_get_hash               000000018004be70 f   sfc_debug:ckmd5.obj
 0001:0004aea0       md5_get_hash_for_a_single_string 000000018004bea0 f   sfc_debug:ckmd5.obj
 0001:0004af00       mxGetPr                    000000018004bf00 f   libmx:libmx.dll
 0001:0004af06       mxCreateDoubleScalar       000000018004bf06 f   libmx:libmx.dll
 0001:0004af0c       mxCreateDoubleMatrix_730   000000018004bf0c f   libmx:libmx.dll
 0001:0004af12       mxSetField_730             000000018004bf12 f   libmx:libmx.dll
 0001:0004af18       mxCreateString             000000018004bf18 f   libmx:libmx.dll
 0001:0004af1e       mxCreateStructMatrix_730   000000018004bf1e f   libmx:libmx.dll
 0001:0004af24       mxCreateCellMatrix_730     000000018004bf24 f   libmx:libmx.dll
 0001:0004af2a       mxDestroyArray             000000018004bf2a f   libmx:libmx.dll
 0001:0004af30       mxDuplicateArray           000000018004bf30 f   libmx:libmx.dll
 0001:0004af36       mxGetString_730            000000018004bf36 f   libmx:libmx.dll
 0001:0004af3c       mxIsChar                   000000018004bf3c f   libmx:libmx.dll
 0001:0004af42       mxGetClassID               000000018004bf42 f   libmx:libmx.dll
 0001:0004af48       mxIsNumeric                000000018004bf48 f   libmx:libmx.dll
 0001:0004af4e       mxIsComplex                000000018004bf4e f   libmx:libmx.dll
 0001:0004af54       mxGetN                     000000018004bf54 f   libmx:libmx.dll
 0001:0004af5a       mxGetM                     000000018004bf5a f   libmx:libmx.dll
 0001:0004af60       mxCalloc                   000000018004bf60 f   libmx:libmx.dll
 0001:0004af66       mxGetScalar                000000018004bf66 f   libmx:libmx.dll
 0001:0004af6c       mxIsLogical                000000018004bf6c f   libmx:libmx.dll
 0001:0004af72       mxCreateDoubleMatrix_700   000000018004bf72 f   libmx:libmx.dll
 0001:0004af78       mxFree                     000000018004bf78 f   libmx:libmx.dll
 0001:0004af7e       mxArrayToString            000000018004bf7e f   libmx:libmx.dll
 0001:0004af84       mxCreateCellMatrix_700     000000018004bf84 f   libmx:libmx.dll
 0001:0004af8a       mxSetCell_700              000000018004bf8a f   libmx:libmx.dll
 0001:0004af90       mxGetCell_700              000000018004bf90 f   libmx:libmx.dll
 0001:0004af96       mxGetClassName             000000018004bf96 f   libmx:libmx.dll
 0001:0004af9c       mxSetField_700             000000018004bf9c f   libmx:libmx.dll
 0001:0004afa2       mxAddField                 000000018004bfa2 f   libmx:libmx.dll
 0001:0004afa8       mxGetField_700             000000018004bfa8 f   libmx:libmx.dll
 0001:0004afae       mxGetNumberOfElements      000000018004bfae f   libmx:libmx.dll
 0001:0004afb4       mxIsStruct                 000000018004bfb4 f   libmx:libmx.dll
 0001:0004afba       mxIsA                      000000018004bfba f   libmx:libmx.dll
 0001:0004afc0       mxIsClass                  000000018004bfc0 f   libmx:libmx.dll
 0001:0004afc6       mxGetLogicals              000000018004bfc6 f   libmx:libmx.dll
 0001:0004afcc       mxIsSparse                 000000018004bfcc f   libmx:libmx.dll
 0001:0004afd2       mxSetFieldByNumber_700     000000018004bfd2 f   libmx:libmx.dll
 0001:0004afd8       mxGetFieldByNumber_700     000000018004bfd8 f   libmx:libmx.dll
 0001:0004afde       mxGetFieldNameByNumber     000000018004bfde f   libmx:libmx.dll
 0001:0004afe4       mxGetNumberOfFields        000000018004bfe4 f   libmx:libmx.dll
 0001:0004afea       mxCreateStructMatrix_700   000000018004bfea f   libmx:libmx.dll
 0001:0004aff0       mxGetFieldNumber           000000018004bff0 f   libmx:libmx.dll
 0001:0004aff6       mxIsNaN                    000000018004bff6 f   libmx:libmx.dll
 0001:0004affc       mxIsEmpty                  000000018004bffc f   libmx:libmx.dll
 0001:0004b002       mxGetData                  000000018004c002 f   libmx:libmx.dll
 0001:0004b008       mxGetImagData              000000018004c008 f   libmx:libmx.dll
 0001:0004b00e       mxArrayClassIDName         000000018004c00e f   libmx:libmx.dll
 0001:0004b014       mxCreateNumericMatrix_700  000000018004c014 f   libmx:libmx.dll
 0001:0004b01a       mxCreateStructArray_700    000000018004c01a f   libmx:libmx.dll
 0001:0004b020       mxCalcSingleSubscript_700  000000018004c020 f   libmx:libmx.dll
 0001:0004b026       mxGetDimensions_700        000000018004c026 f   libmx:libmx.dll
 0001:0004b02c       mxGetNumberOfDimensions_700 000000018004c02c f   libmx:libmx.dll
 0001:0004b032       mxCreateNumericArray_700   000000018004c032 f   libmx:libmx.dll
 0001:0004b038       mxGetElementSize           000000018004c038 f   libmx:libmx.dll
 0001:0004b03e       mxCreateStringFromNChars_700 000000018004c03e f   libmx:libmx.dll
 0001:0004b044       mxGetString_700            000000018004c044 f   libmx:libmx.dll
 0001:0004b04a       mxIsLogicalScalarTrue      000000018004c04a f   libmx:libmx.dll
 0001:0004b050       mxCreateLogicalScalar      000000018004c050 f   libmx:libmx.dll
 0001:0004b056       mexUnlock                  000000018004c056 f   libmex:libmex.dll
 0001:0004b05c       mexIsLocked                000000018004c05c f   libmex:libmex.dll
 0001:0004b062       mexWarnMsgTxt              000000018004c062 f   libmex:libmex.dll
 0001:0004b068       mexCallMATLAB              000000018004c068 f   libmex:libmex.dll
 0001:0004b06e       mexErrMsgTxt               000000018004c06e f   libmex:libmex.dll
 0001:0004b074       mexMakeArrayPersistent     000000018004c074 f   libmex:libmex.dll
 0001:0004b07a       mexSetTrapFlag             000000018004c07a f   libmex:libmex.dll
 0001:0004b080       mexPutVariable             000000018004c080 f   libmex:libmex.dll
 0001:0004b086       mexGetVariable             000000018004c086 f   libmex:libmex.dll
 0001:0004b08c       mexLock                    000000018004c08c f   libmex:libmex.dll
 0001:0004b092       mexMakeMemoryPersistent    000000018004c092 f   libmex:libmex.dll
 0001:0004b098       mexFunctionName            000000018004c098 f   libmex:libmex.dll
 0001:0004b09e       ssRegisterDataTypeFxpFSlopeFixExpBias 000000018004c09e f   libfixedpoint:libfixedpoint.dll
 0001:0004b0a4       ssRegisterDataTypeFxpScaledDouble 000000018004c0a4 f   libfixedpoint:libfixedpoint.dll
 0001:0004b0aa       utMalloc                   000000018004c0aa f   libut:libut.dll
 0001:0004b0b0       utFree                     000000018004c0b0 f   libut:libut.dll
 0001:0004b0b6       utVSNprintf                000000018004c0b6 f   libut:libut.dll
 0001:0004b0bc       utCPUtime                  000000018004c0bc f   libut:libut.dll
 0001:0004b0c2       utCalloc                   000000018004c0c2 f   libut:libut.dll
 0001:0004b0c8       utRealloc                  000000018004c0c8 f   libut:libut.dll
 0001:0004b0ce       muDoubleScalarSign         000000018004c0ce f   libmwmathutil:libmwmathutil.dll
 0001:0004b0d4       muDoubleScalarAbs          000000018004c0d4 f   libmwmathutil:libmwmathutil.dll
 0001:0004b0da       emlrtCreateRootTLS         000000018004c0da f   libemlrt:libemlrt.dll
 0001:0004b0e0       emlrtDestroyRootTLS        000000018004c0e0 f   libemlrt:libemlrt.dll
 0001:0004b0e6       emlrtCheckBuiltInR2012b    000000018004c0e6 f   libemlrt:libemlrt.dll
 0001:0004b0ec       emlrtCheckVsBuiltInR2012b  000000018004c0ec f   libemlrt:libemlrt.dll
 0001:0004b0f2       emlrtCheckEnumR2012b       000000018004c0f2 f   libemlrt:libemlrt.dll
 0001:0004b0f8       emlrtCreateEnumR2012b      000000018004c0f8 f   libemlrt:libemlrt.dll
 0001:0004b0fe       emlrtGetEnumElementR2009a  000000018004c0fe f   libemlrt:libemlrt.dll
 0001:0004b104       emlrtCreateReference       000000018004c104 f   libemlrt:libemlrt.dll
 0001:0004b10a       emlrtImportVsFiArrayR2009b 000000018004c10a f   libemlrt:libemlrt.dll
 0001:0004b110       emlrtNameCapturePostProcessR2012a 000000018004c110 f   libemlrt:libemlrt.dll
 0001:0004b116       emlrtExtractMessageId      000000018004c116 f   libemlrt:libemlrt.dll
 0001:0004b11c       emlrtTranslateMessageIDtoLCPstring 000000018004c11c f   libemlrt:libemlrt.dll
 0001:0004b122       emlrtForLoopVectorIsValidR2011b 000000018004c122 f   libemlrt:libemlrt.dll
 0001:0004b128       emlrtTranslateUTF16MessagetoLCPstring 000000018004c128 f   libemlrt:libemlrt.dll
 0001:0004b12e       emlrtGetEnumUnderlyingArrayR2009a 000000018004c12e f   libemlrt:libemlrt.dll
 0001:0004b134       emlrtIsEnumR2009a          000000018004c134 f   libemlrt:libemlrt.dll
 0001:0004b13a       dgemm                      000000018004c13a f   libmwblas:libmwblas.dll
 0001:0004b140       __GSHandlerCheckCommon     000000018004c140 f   MSVCRT:gshandler.obj
 0001:0004b1a4       __GSHandlerCheck           000000018004c1a4 f   MSVCRT:gshandler.obj
 0001:0004b1c2       strlen                     000000018004c1c2 f   MSVCRT:MSVCR100.dll
 0001:0004b1e0       __security_check_cookie    000000018004c1e0 f   MSVCRT:amdsecgs.obj
 0001:0004b210       _alloca_probe              000000018004c210     MSVCRT:chkstk.obj
 0001:0004b210       __chkstk                   000000018004c210 f   MSVCRT:chkstk.obj
 0001:0004b25e       memset                     000000018004c25e f   MSVCRT:MSVCR100.dll
 0001:0004b264       strcmp                     000000018004c264 f   MSVCRT:MSVCR100.dll
 0001:0004b26a       free                       000000018004c26a f   MSVCRT:MSVCR100.dll
 0001:0004b270       sprintf                    000000018004c270 f   MSVCRT:MSVCR100.dll
 0001:0004b276       malloc                     000000018004c276 f   MSVCRT:MSVCR100.dll
 0001:0004b27c       strcat                     000000018004c27c f   MSVCRT:MSVCR100.dll
 0001:0004b282       memcpy                     000000018004c282 f   MSVCRT:MSVCR100.dll
 0001:0004b288       NtCurrentTeb               000000018004c288 f i MSVCRT:crtdll.obj
 0001:0004b2f4       _CRT_INIT                  000000018004c2f4 f   MSVCRT:crtdll.obj
 0001:0004b68c       _DllMainCRTStartup         000000018004c68c f   MSVCRT:crtdll.obj
 0001:0004b6ca       strncpy                    000000018004c6ca f   MSVCRT:MSVCR100.dll
 0001:0004b6d0       longjmp                    000000018004c6d0 f   MSVCRT:MSVCR100.dll
 0001:0004b6d6       strncmp                    000000018004c6d6 f   MSVCRT:MSVCR100.dll
 0001:0004b6dc       ceil                       000000018004c6dc f   MSVCRT:MSVCR100.dll
 0001:0004b6e2       strrchr                    000000018004c6e2 f   MSVCRT:MSVCR100.dll
 0001:0004b6e8       _setjmp                    000000018004c6e8 f   MSVCRT:MSVCR100.dll
 0001:0004b6ee       ldexp                      000000018004c6ee f   MSVCRT:MSVCR100.dll
 0001:0004b6f4       __report_gsfailure         000000018004c6f4 f   MSVCRT:gs_report.obj
 0001:0004b840       __clean_type_info_names    000000018004c840 f   MSVCRT:tncleanup.obj
 0001:0004b84c       _onexit                    000000018004c84c f   MSVCRT:atonexit.obj
 0001:0004b8fc       atexit                     000000018004c8fc f   MSVCRT:atonexit.obj
 0001:0004b914       _RTC_Initialize            000000018004c914 f   MSVCRT:_initsect_.obj
 0001:0004b94c       _RTC_Terminate             000000018004c94c f   MSVCRT:_initsect_.obj
 0001:0004b984       _malloc_crt                000000018004c984 f   MSVCRT:MSVCR100.dll
 0001:0004b990       _ValidateImageBase         000000018004c990 f   MSVCRT:pesect.obj
 0001:0004b9c0       _FindPESection             000000018004c9c0 f   MSVCRT:pesect.obj
 0001:0004ba10       _IsNonwritableInCurrentImage 000000018004ca10 f   MSVCRT:pesect.obj
 0001:0004ba52       _initterm                  000000018004ca52 f   MSVCRT:MSVCR100.dll
 0001:0004ba58       _initterm_e                000000018004ca58 f   MSVCRT:MSVCR100.dll
 0001:0004ba5e       _encoded_null              000000018004ca5e f   MSVCRT:MSVCR100.dll
 0001:0004ba64       _amsg_exit                 000000018004ca64 f   MSVCRT:MSVCR100.dll
 0001:0004ba6a       __C_specific_handler       000000018004ca6a f   MSVCRT:MSVCR100.dll
 0001:0004ba70       __CppXcptFilter            000000018004ca70 f   MSVCRT:MSVCR100.dll
 0001:0004ba78       DllMain                    000000018004ca78 f   MSVCRT:dllmain.obj
 0001:0004ba9c       __security_init_cookie     000000018004ca9c f   MSVCRT:gs_support.obj
 0001:0004bb50       __crt_debugger_hook        000000018004cb50 f   MSVCRT:MSVCR100.dll
 0001:0004bb56       __clean_type_info_names_internal 000000018004cb56 f   MSVCRT:MSVCR100.dll
 0001:0004bb5c       _unlock                    000000018004cb5c f   MSVCRT:MSVCR100.dll
 0001:0004bb62       __dllonexit                000000018004cb62 f   MSVCRT:MSVCR100.dll
 0001:0004bb68       _lock                      000000018004cb68 f   MSVCRT:MSVCR100.dll
 0001:0004bb6e       EncodePointer              000000018004cb6e f   kernel32:KERNEL32.dll
 0001:0004bb74       DecodePointer              000000018004cb74 f   kernel32:KERNEL32.dll
 0001:0004bb7a       Sleep                      000000018004cb7a f   kernel32:KERNEL32.dll
 0001:0004bb80       TerminateProcess           000000018004cb80 f   kernel32:KERNEL32.dll
 0001:0004bb86       GetCurrentProcess          000000018004cb86 f   kernel32:KERNEL32.dll
 0001:0004bb8c       UnhandledExceptionFilter   000000018004cb8c f   kernel32:KERNEL32.dll
 0001:0004bb92       SetUnhandledExceptionFilter 000000018004cb92 f   kernel32:KERNEL32.dll
 0001:0004bb98       IsDebuggerPresent          000000018004cb98 f   kernel32:KERNEL32.dll
 0001:0004bb9e       RtlVirtualUnwind           000000018004cb9e f   kernel32:KERNEL32.dll
 0001:0004bba4       RtlLookupFunctionEntry     000000018004cba4 f   kernel32:KERNEL32.dll
 0001:0004bbaa       RtlCaptureContext          000000018004cbaa f   kernel32:KERNEL32.dll
 0001:0004bbb0       DisableThreadLibraryCalls  000000018004cbb0 f   kernel32:KERNEL32.dll
 0001:0004bbb6       QueryPerformanceCounter    000000018004cbb6 f   kernel32:KERNEL32.dll
 0001:0004bbbc       GetTickCount               000000018004cbbc f   kernel32:KERNEL32.dll
 0001:0004bbc2       GetCurrentThreadId         000000018004cbc2 f   kernel32:KERNEL32.dll
 0001:0004bbc8       GetCurrentProcessId        000000018004cbc8 f   kernel32:KERNEL32.dll
 0001:0004bbce       GetSystemTimeAsFileTime    000000018004cbce f   kernel32:KERNEL32.dll
 0002:00000000       __imp_RtlLookupFunctionEntry 000000018004d000     kernel32:KERNEL32.dll
 0002:00000008       __imp_RtlVirtualUnwind     000000018004d008     kernel32:KERNEL32.dll
 0002:00000010       __imp_IsDebuggerPresent    000000018004d010     kernel32:KERNEL32.dll
 0002:00000018       __imp_SetUnhandledExceptionFilter 000000018004d018     kernel32:KERNEL32.dll
 0002:00000020       __imp_UnhandledExceptionFilter 000000018004d020     kernel32:KERNEL32.dll
 0002:00000028       __imp_GetCurrentProcess    000000018004d028     kernel32:KERNEL32.dll
 0002:00000030       __imp_TerminateProcess     000000018004d030     kernel32:KERNEL32.dll
 0002:00000038       __imp_Sleep                000000018004d038     kernel32:KERNEL32.dll
 0002:00000040       __imp_DecodePointer        000000018004d040     kernel32:KERNEL32.dll
 0002:00000048       __imp_EncodePointer        000000018004d048     kernel32:KERNEL32.dll
 0002:00000050       __imp_DisableThreadLibraryCalls 000000018004d050     kernel32:KERNEL32.dll
 0002:00000058       __imp_QueryPerformanceCounter 000000018004d058     kernel32:KERNEL32.dll
 0002:00000060       __imp_GetTickCount         000000018004d060     kernel32:KERNEL32.dll
 0002:00000068       __imp_GetCurrentThreadId   000000018004d068     kernel32:KERNEL32.dll
 0002:00000070       __imp_GetCurrentProcessId  000000018004d070     kernel32:KERNEL32.dll
 0002:00000078       __imp_GetSystemTimeAsFileTime 000000018004d078     kernel32:KERNEL32.dll
 0002:00000080       __imp_RtlCaptureContext    000000018004d080     kernel32:KERNEL32.dll
 0002:00000088       \177KERNEL32_NULL_THUNK_DATA 000000018004d088     kernel32:KERNEL32.dll
 0002:00000090       __imp__onexit              000000018004d090     MSVCRT:MSVCR100.dll
 0002:00000098       __imp__lock                000000018004d098     MSVCRT:MSVCR100.dll
 0002:000000a0       __imp___dllonexit          000000018004d0a0     MSVCRT:MSVCR100.dll
 0002:000000a8       __imp__unlock              000000018004d0a8     MSVCRT:MSVCR100.dll
 0002:000000b0       __imp___clean_type_info_names_internal 000000018004d0b0     MSVCRT:MSVCR100.dll
 0002:000000b8       __imp___crt_debugger_hook  000000018004d0b8     MSVCRT:MSVCR100.dll
 0002:000000c0       __imp___CppXcptFilter      000000018004d0c0     MSVCRT:MSVCR100.dll
 0002:000000c8       __imp___C_specific_handler 000000018004d0c8     MSVCRT:MSVCR100.dll
 0002:000000d0       __imp__amsg_exit           000000018004d0d0     MSVCRT:MSVCR100.dll
 0002:000000d8       __imp__encoded_null        000000018004d0d8     MSVCRT:MSVCR100.dll
 0002:000000e0       __imp__initterm_e          000000018004d0e0     MSVCRT:MSVCR100.dll
 0002:000000e8       __imp__initterm            000000018004d0e8     MSVCRT:MSVCR100.dll
 0002:000000f0       __imp__malloc_crt          000000018004d0f0     MSVCRT:MSVCR100.dll
 0002:000000f8       __imp_ldexp                000000018004d0f8     MSVCRT:MSVCR100.dll
 0002:00000100       __imp__setjmp              000000018004d100     MSVCRT:MSVCR100.dll
 0002:00000108       __imp_strrchr              000000018004d108     MSVCRT:MSVCR100.dll
 0002:00000110       __imp_ceil                 000000018004d110     MSVCRT:MSVCR100.dll
 0002:00000118       __imp_strncmp              000000018004d118     MSVCRT:MSVCR100.dll
 0002:00000120       __imp_longjmp              000000018004d120     MSVCRT:MSVCR100.dll
 0002:00000128       __imp_strncpy              000000018004d128     MSVCRT:MSVCR100.dll
 0002:00000130       __imp_memcpy               000000018004d130     MSVCRT:MSVCR100.dll
 0002:00000138       __imp_strcat               000000018004d138     MSVCRT:MSVCR100.dll
 0002:00000140       __imp_malloc               000000018004d140     MSVCRT:MSVCR100.dll
 0002:00000148       __imp_sprintf              000000018004d148     MSVCRT:MSVCR100.dll
 0002:00000150       __imp_free                 000000018004d150     MSVCRT:MSVCR100.dll
 0002:00000158       __imp_strcmp               000000018004d158     MSVCRT:MSVCR100.dll
 0002:00000160       __imp_memset               000000018004d160     MSVCRT:MSVCR100.dll
 0002:00000168       __imp_strlen               000000018004d168     MSVCRT:MSVCR100.dll
 0002:00000170       \177MSVCR100_NULL_THUNK_DATA 000000018004d170     MSVCRT:MSVCR100.dll
 0002:00000178       __imp_emlrtIsEnumR2009a    000000018004d178     libemlrt:libemlrt.dll
 0002:00000180       __imp_emlrtGetEnumUnderlyingArrayR2009a 000000018004d180     libemlrt:libemlrt.dll
 0002:00000188       __imp_emlrtTranslateUTF16MessagetoLCPstring 000000018004d188     libemlrt:libemlrt.dll
 0002:00000190       __imp_emlrtForLoopVectorIsValidR2011b 000000018004d190     libemlrt:libemlrt.dll
 0002:00000198       __imp_emlrtTranslateMessageIDtoLCPstring 000000018004d198     libemlrt:libemlrt.dll
 0002:000001a0       __imp_emlrtExtractMessageId 000000018004d1a0     libemlrt:libemlrt.dll
 0002:000001a8       __imp_emlrtNameCapturePostProcessR2012a 000000018004d1a8     libemlrt:libemlrt.dll
 0002:000001b0       __imp_emlrtImportVsFiArrayR2009b 000000018004d1b0     libemlrt:libemlrt.dll
 0002:000001b8       __imp_emlrtCreateReference 000000018004d1b8     libemlrt:libemlrt.dll
 0002:000001c0       __imp_emlrtGetEnumElementR2009a 000000018004d1c0     libemlrt:libemlrt.dll
 0002:000001c8       __imp_emlrtCreateEnumR2012b 000000018004d1c8     libemlrt:libemlrt.dll
 0002:000001d0       __imp_emlrtCheckEnumR2012b 000000018004d1d0     libemlrt:libemlrt.dll
 0002:000001d8       __imp_emlrtCheckVsBuiltInR2012b 000000018004d1d8     libemlrt:libemlrt.dll
 0002:000001e0       __imp_emlrtCheckBuiltInR2012b 000000018004d1e0     libemlrt:libemlrt.dll
 0002:000001e8       __imp_emlrtDestroyRootTLS  000000018004d1e8     libemlrt:libemlrt.dll
[...]
 0001:00021b10       sf_mex_check_fimath        0000000180022b10 f   sfc_mex:sfc_mex.obj
 0001:00022670       size_mismatch_error        0000000180023670 f   sfc_mex:sfc_mex.obj
 0001:000230e0       check_array_dimensions     00000001800240e0 f   sfc_mex:sfc_mex.obj
 0001:00023150       check_input_mxarray        0000000180024150 f   sfc_mex:sfc_mex.obj
 0001:00023890       sf_numeric_value_to_double 0000000180024890 f   sfc_mex:sfc_mex.obj
 0001:000238e0       ml_generic_out_of_bounds_check 00000001800248e0 f   sfc_mex:sfc_mex.obj
 0001:00023aa0       ml_get_element_value_from_array 0000000180024aa0 f   sfc_mex:sfc_mex.obj
 0001:00023e40       _ml_generic_castability_check 0000000180024e40 f   sfc_mex:sfc_mex.obj
 0001:00024590       ml_generic_castability_check 0000000180025590 f   sfc_mex:sfc_mex.obj
 0001:00024630       ml_check_mx_array_for_single_castability 0000000180025630 f   sfc_mex:sfc_mex.obj
 0001:000246d0       ml_check_mx_array_for_logical_castability 00000001800256d0 f   sfc_mex:sfc_mex.obj
 0001:00024770       ml_check_mx_array_for_int8_castability 0000000180025770 f   sfc_mex:sfc_mex.obj
 0001:00024820       ml_check_mx_array_for_uint8_castability 0000000180025820 f   sfc_mex:sfc_mex.obj
 0001:00024880       ml_check_mx_array_for_int16_castability 0000000180025880 f   sfc_mex:sfc_mex.obj
 0001:000248e0       ml_check_mx_array_for_uint16_castability 00000001800258e0 f   sfc_mex:sfc_mex.obj
 0001:00024940       ml_check_mx_array_for_int32_castability 0000000180025940 f   sfc_mex:sfc_mex.obj
 0001:000249a0       ml_check_mx_array_for_uint32_castability 00000001800259a0 f   sfc_mex:sfc_mex.obj
 0001:00024a00       ml_check_mx_array_for_castability 0000000180025a00 f   sfc_mex:sfc_mex.obj
 0001:00025220       set_data_value             0000000180026220 f   sfc_mex:sfc_mex.obj
 0001:00025590       get_data_value             0000000180026590 f   sfc_mex:sfc_mex.obj
 0001:000256a0       get_next_element_address   00000001800266a0 f   sfc_mex:sfc_mex.obj
 0001:00025770       sf_normalize_index         0000000180026770 f   sfc_mex:sfc_mex.obj
 0001:00025b20       ml_array_index_bound_check 0000000180026b20 f   sfc_mex:sfc_mex.obj
 0001:000266a0       mx_value                   00000001800276a0 f   sfc_mex:sfc_mex.obj
 0001:000266f0       sf_create_numeric_array    00000001800276f0 f   sfc_mex:sfc_mex.obj
 0001:00026790       sf_mex_assign_to_mx_array  0000000180027790 f   sfc_mex:sfc_mex.obj
 0001:00026b00       assign_from_mx_array       0000000180027b00 f   sfc_mex:sfc_mex.obj
 0001:00027260       sf_mex_import_v            0000000180028260 f   sfc_mex:sfc_mex.obj
 0001:00027970       get_machine_and_chart_file_number 0000000180028970 f   sfc_mex:sfc_sf.obj
 0001:00027a60       get_sfun_block_specialization 0000000180028a60 f   sfc_mex:sfc_sf.obj
 0001:00027b10       call_sf_machine_global_method_dispatcher 0000000180028b10 f   sfc_mex:sfc_sf.obj
 0001:00027d60       mdl_zeroCrossings_processing 0000000180028d60 f   sfc_mex:sfc_sf.obj
 0001:00027e40       mdl_derivatives_processing 0000000180028e40 f   sfc_mex:sfc_sf.obj
 0001:00028120       mdl_outputs_continuous_legacy 0000000180029120 f   sfc_mex:sfc_sf.obj
 0001:000281a0       mdl_outputs_processing     00000001800291a0 f   sfc_mex:sfc_sf.obj
 0001:00028410       mdl_enable_processing      0000000180029410 f   sfc_mex:sfc_sf.obj
 0001:000284f0       mdl_disable_processing     00000001800294f0 f   sfc_mex:sfc_sf.obj
 0001:00029380       sf_call_output_fcn_enable_disable 000000018002a380 f   sfc_mex:sfc_sf.obj
 0001:00029600       set_dwork_information_from_mx_array 000000018002a600 f   sfc_mex:sfc_sf.obj
 0001:00029ef0       ptr2mxStruct               000000018002aef0 f   sfc_mex:sfc_sf.obj
 0001:0002a200       SNPRINTF_WRAPPER           000000018002b200 f   sfc_debug:sfcdebug.obj
 0001:0002a230       sf_debug_chart_instance_initialized 000000018002b230 f   sfc_debug:sfcdebug.obj
 0001:0002a3d0       sfrtAddSize                000000018002b3d0 f   sfc_debug:sfcdebug.obj
 0001:0002a490       sfrtGenSizeString          000000018002b490 f   sfc_debug:sfcdebug.obj
 0001:0002abe0       fill_single_message_info   000000018002bbe0 f   sfc_debug:sfcdebug.obj
 0001:0002ae60       sf_debug_sim_status_listener 000000018002be60 f   sfc_debug:sfcdebug.obj
 0001:0002b3f0       sf_debug_form_mask_bits    000000018002c3f0 f   sfc_debug:sfcdebug.obj
 0001:0002b410       sf_debug_form_sf_data_type_offsets 000000018002c410 f   sfc_debug:sfcdebug.obj
 0001:0002b4d0       sf_debug_free_all          000000018002c4d0 f   sfc_debug:sfcdebug.obj
 0001:0002b660       sf_debug_append_debugger_context 000000018002c660 f   sfc_debug:sfcdebug.obj
 0001:0002b9d0       local_strdup               000000018002c9d0 f   sfc_debug:sfcdebug.obj
 0001:0002c950       sf_debug_em_terminate      000000018002d950 f   sfc_debug:sfcdebug.obj
 0001:0002c990       sf_debug_push_eml_function 000000018002d990 f   sfc_debug:sfcdebug.obj
 0001:0002ca30       sf_debug_pop_eml_function  000000018002da30 f   sfc_debug:sfcdebug.obj
 0001:0002d6d0       sf_debug_get_machine_number_from_id_or_name 000000018002e6d0 f   sfc_debug:sfcdebug.obj
 0001:0002d820       sf_debug_get_chart_number_from_id 000000018002e820 f   sfc_debug:sfcdebug.obj
 0001:0002e600       sf_debug_transfer_control_to_debugger_GUI 000000018002f600 f   sfc_debug:sfcdebug.obj
 0001:0002f570       sf_debug_scripts_rehash    0000000180030570 f   sfc_debug:sfcdebug.obj
 0001:0002f780       sf_debug_get_script_line_count 0000000180030780 f   sfc_debug:sfcdebug.obj
 0001:000301d0       cv_eml_state_cvId          00000001800311d0 f   sfc_debug:sfcdebug.obj
 0001:00030240       cv_eml_trans_cvId          0000000180031240 f   sfc_debug:sfcdebug.obj
 0001:000316c0       sf_debug_data_array_bounds_error 00000001800326c0 f   sfc_debug:sfcdebug.obj
 0001:00031a70       eml_debug_runtime_error_doclink 0000000180032a70 f   sfc_debug:sfcdebug.obj
 0001:00031be0       sf_debug_runtime_error     0000000180032be0 f   sfc_debug:sfcdebug.obj
 0001:00031c50       sf_debug_matlab_error      0000000180032c50 f   sfc_debug:sfcdebug.obj
 0001:000325c0       sf_debug_data_value_error  00000001800335c0 f   sfc_debug:sfcdebug.obj
 0001:00032e90       sf_debug_data_loss_error   0000000180033e90 f   sfc_debug:sfcdebug.obj
 0001:00033db0       call_cv_range_check        0000000180034db0 f   sfc_debug:sfcdebug.obj
 0001:00034610       sf_debug_invoke_cycle_detection_code 0000000180035610 f   sfc_debug:sfcdebug.obj
 0001:00035180       sf_reset_debug_info_struct 0000000180036180 f   sfc_debug:sfcdebug.obj
 0001:00035970       cv_script_cvId             0000000180036970 f   sfc_debug:sfcdebug.obj
 0001:00036b30       sfc_api_chart_visible      0000000180037b30 f   sfc_debug:sfc_api.obj
 0001:00036bc0       sfc_api_active_instance    0000000180037bc0 f   sfc_debug:sfc_api.obj
 0001:00036c50       sfc_api_machine_load       0000000180037c50 f   sfc_debug:sfc_api.obj
 0001:00036d40       sfc_api_debugger_alive     0000000180037d40 f   sfc_debug:sfc_api.obj
 0001:00036d50       sfc_api_go                 0000000180037d50 f   sfc_debug:sfc_api.obj
 0001:00036d60       sfc_api_step_over          0000000180037d60 f   sfc_debug:sfc_api.obj
 0001:00036d70       sfc_api_step_out           0000000180037d70 f   sfc_debug:sfc_api.obj
 0001:00036d80       sfc_api_resume             0000000180037d80 f   sfc_debug:sfc_api.obj
 0001:00036d90       sfc_api_break              0000000180037d90 f   sfc_debug:sfc_api.obj
 0001:00036da0       sfc_api_stop_debugging     0000000180037da0 f   sfc_debug:sfc_api.obj
 0001:00036e00       sfc_api_is_cycle_detected  0000000180037e00 f   sfc_debug:sfc_api.obj
 0001:00036e60       sfc_api_is_array_bounds_detected 0000000180037e60 f   sfc_debug:sfc_api.obj
 0001:00036ec0       sfc_api_set_disable_all_breakpoints 0000000180037ec0 f   sfc_debug:sfc_api.obj
 0001:00036f40       sfc_api_disable_all_breakpoints_and_go 0000000180037f40 f   sfc_debug:sfc_api.obj
 0001:00036f50       sfc_api_close              0000000180037f50 f   sfc_debug:sfc_api.obj
 0001:00036f60       sfc_api_browse_data        0000000180037f60 f   sfc_debug:sfc_api.obj
 0001:00036fe0       sfc_api_watch_data         0000000180037fe0 f   sfc_debug:sfc_api.obj
 0001:000370f0       sfc_api_extract_message_post_receive_info 00000001800380f0 f   sfc_debug:sfc_api.obj
 0001:00037110       sfc_api_assign_data        0000000180038110 f   sfc_debug:sfc_api.obj
 0001:000371c0       sfc_api_whos               00000001800381c0 f   sfc_debug:sfc_api.obj
 0001:00037250       sfc_api_get_consistency_info 0000000180038250 f   sfc_debug:sfc_api.obj
 0001:00037260       sfc_api_browse_trace       0000000180038260 f   sfc_debug:sfc_api.obj
 0001:00037270       sfc_api_break_on_chart_entry 0000000180038270 f   sfc_debug:sfc_api.obj
 0001:000372a0       sfc_api_break_on_event_broadcast 00000001800382a0 f   sfc_debug:sfc_api.obj
 0001:000372d0       sfc_api_break_on_state_entry 00000001800382d0 f   sfc_debug:sfc_api.obj
 0001:00037300       sfc_api_set_watch          0000000180038300 f   sfc_debug:sfc_api.obj
 0001:000373b0       sfc_api_set_breakpoints    00000001800383b0 f   sfc_debug:sfc_api.obj
 0001:00037470       sfc_api_set_eml_breakpoints 0000000180038470 f   sfc_debug:sfc_api.obj
 0001:00037510       sfc_api_set_script_breakpoints 0000000180038510 f   sfc_debug:sfc_api.obj
 0001:00037570       sfc_api_add_script_breakpoints 0000000180038570 f   sfc_debug:sfc_api.obj
 0001:000375d0       sfc_api_clear_script_breakpoints 00000001800385d0 f   sfc_debug:sfc_api.obj
 0001:00037630       sfc_api_query_script_breakpoints 0000000180038630 f   sfc_debug:sfc_api.obj
 0001:000376a0       sfc_api_get_script_id      00000001800386a0 f   sfc_debug:sfc_api.obj
 0001:00037760       sfc_api_get_active_states  0000000180038760 f   sfc_debug:sfc_api.obj
 0001:000377f0       sfc_api_break_between_times 00000001800387f0 f   sfc_debug:sfc_api.obj
 0001:00037860       sfc_api_get_instance_handle 0000000180038860 f   sfc_debug:sfc_api.obj
 0001:00037930       sfc_api_set_animation      0000000180038930 f   sfc_debug:sfc_api.obj
 0001:00037980       sfc_api_select_chart       0000000180038980 f   sfc_debug:sfc_api.obj
 0001:000379f0       sfc_api_select_charts      00000001800389f0 f   sfc_debug:sfc_api.obj
 0001:00037a20       sfc_api_cycle_detection_check 0000000180038a20 f   sfc_debug:sfc_api.obj
 0001:00037a70       sfc_api_data_range_check   0000000180038a70 f   sfc_debug:sfc_api.obj
 0001:00037ac0       sfc_api_transition_conflict_check 0000000180038ac0 f   sfc_debug:sfc_api.obj
 0001:00037b10       sfc_api_state_consistency_check 0000000180038b10 f   sfc_debug:sfc_api.obj
 0001:00037b60       sfc_api_set_instance_cv_ids 0000000180038b60 f   sfc_debug:sfc_api.obj
 0001:00037c90       sfc_api_set_script_cv_ids  0000000180038c90 f   sfc_debug:sfc_api.obj
 0001:00037d60       sfc_api_get_current_machine_id 0000000180038d60 f   sfc_debug:sfc_api.obj
 0001:00037d90       sfc_api_get_current_machine_number 0000000180038d90 f   sfc_debug:sfc_api.obj
 0001:00037dc0       sfc_api_get_current_chart_number 0000000180038dc0 f   sfc_debug:sfc_api.obj
 0001:00037df0       sfc_api_get_current_instance_number 0000000180038df0 f   sfc_debug:sfc_api.obj
 0001:00037e20       sfc_api_get_current_instance_handle 0000000180038e20 f   sfc_debug:sfc_api.obj
 0001:00037e40       sfc_api_get_current_is_minor_time_step 0000000180038e40 f   sfc_debug:sfc_api.obj
 0001:00037e70       sfc_api_get_current_machine_name 0000000180038e70 f   sfc_debug:sfc_api.obj
 0001:00037e90       sfc_api_get_current_chart_id 0000000180038e90 f   sfc_debug:sfc_api.obj
 0001:00037ec0       sfc_api_get_current_object_type 0000000180038ec0 f   sfc_debug:sfc_api.obj
 0001:00037ef0       sfc_api_get_current_event_type 0000000180038ef0 f   sfc_debug:sfc_api.obj
 0001:00037f20       sfc_api_get_current_object_id 0000000180038f20 f   sfc_debug:sfc_api.obj
 0001:00037f50       sfc_get_current_active_event_type 0000000180038f50 f   sfc_debug:sfc_api.obj
 0001:00037f80       sfc_api_get_current_active_event_id 0000000180038f80 f   sfc_debug:sfc_api.obj
 0001:00037fb0       sfc_api_get_current_simulation_time 0000000180038fb0 f   sfc_debug:sfc_api.obj
 0001:00037fd0       sfc_get_current_tag_type   0000000180038fd0 f   sfc_debug:sfc_api.obj
 0001:00038000       sfc_get_current_coverage_percentage 0000000180039000 f   sfc_debug:sfc_api.obj
 0001:00038020       sfc_get_current_statement_context 0000000180039020 f   sfc_debug:sfc_api.obj
 0001:00038040       sfc_get_current_optional_integer 0000000180039040 f   sfc_debug:sfc_api.obj
 0001:00038070       sfc_get_current_statement_info 0000000180039070 f   sfc_debug:sfc_api.obj
 0001:00038110       sfc_api_get                0000000180039110 f   sfc_debug:sfc_api.obj
 0001:00038d70       sf_debug_sm_fill_state_activity_data 0000000180039d70 f   sfc_debug:sfdb_animation.obj
 0001:0003b5b0       void_ptr_stack_vector_free_total 000000018003c5b0 f   sfc_debug:sfdb_data_browse.obj
 0001:0003b630       sf_debug_st_terminate_machine 000000018003c630 f   sfc_debug:sfdb_data_browse.obj
 0001:0003b670       sf_debug_st_terminate_instance 000000018003c670 f   sfc_debug:sfdb_data_browse.obj
 0001:0003ba20       push_on_to_void_ptr_stack  000000018003ca20 f   sfc_debug:sfdb_data_browse.obj
 0001:0003bbb0       pop_from_void_ptr_stack    000000018003cbb0 f   sfc_debug:sfdb_data_browse.obj
 0001:0003bce0       sf_debug_st_get_data_value 000000018003cce0 f   sfc_debug:sfdb_data_browse.obj
 0001:0003c210       mx_value                   000000018003d210 f   sfc_debug:sfdb_data_browse.obj
 0001:0003c250       sf_debug_st_fill_data_struct 000000018003d250 f   sfc_debug:sfdb_data_browse.obj
 0001:0003c590       data_type_format_strings   000000018003d590 f   sfc_debug:sfdb_data_browse.obj
 0001:0003c640       sf_debug_st_fill_data      000000018003d640 f   sfc_debug:sfdb_data_browse.obj
 0001:0003d330       sf_debug_hm_get_simulink_handle 000000018003e330 f   sfc_debug:sfdb_handle_management.obj
 0001:0003dde0       sf_debug_hm_initialize_globals 000000018003ede0 f   sfc_debug:sfdb_handle_management.obj
 0001:0003dee0       sf_debug_hm_get_machine_debug_flag 000000018003eee0 f   sfc_debug:sfdb_handle_management.obj
 0001:0003e050       sf_debug_hm_get_machine_id 000000018003f050 f   sfc_debug:sfdb_handle_management.obj
 0001:0003e170       sf_debug_hm_get_chart_id   000000018003f170 f   sfc_debug:sfdb_handle_management.obj
 0001:0003e310       sf_debug_hm_register_executing_SFunction 000000018003f310 f   sfc_debug:sfdb_handle_management.obj
 0001:0003e6a0       sf_debug_hm_form_object_boolean_properties 000000018003f6a0 f   sfc_debug:sfdb_handle_management.obj
 0001:0003e970       sf_debug_hm_form_object_properties 000000018003f970 f   sfc_debug:sfdb_handle_management.obj
 0001:0003ebb0       sf_debug_hm_terminate_charts 000000018003fbb0 f   sfc_debug:sfdb_handle_management.obj
 0001:0003f290       sf_debug_hm_terminate_machines 0000000180040290 f   sfc_debug:sfdb_handle_management.obj
 0001:00040d00       sf_debug_ss_copy_dimension 0000000180041d00 f   sfc_debug:sfdb_symbol_scope.obj
 0001:00040dc0       sf_debug_ss_get_number_elements 0000000180041dc0 f   sfc_debug:sfdb_symbol_scope.obj
 0001:00040de0       sf_debug_ss_fill_data_struct 0000000180041de0 f   sfc_debug:sfdb_symbol_scope.obj
 0001:00041130       sf_debug_ss_reset_data_info 0000000180042130 f   sfc_debug:sfdb_symbol_scope.obj
 0001:00041190       sf_debug_fill_data_info_by_symbol_scope_entry 0000000180042190 f   sfc_debug:sfdb_symbol_scope.obj
 0001:00041250       sf_debug_fill_data_info_by_data_vector 0000000180042250 f   sfc_debug:sfdb_symbol_scope.obj
 0001:000414a0       get_data_info_helper       00000001800424a0 f   sfc_debug:sfdb_symbol_scope.obj
 0001:00041790       sf_debug_ss_get_data_info  0000000180042790 f   sfc_debug:sfdb_symbol_scope.obj
 0001:000419b0       sf_debug_select_mex_function 00000001800429b0 f   sfc_debug:sfdb_symbol_scope.obj
 0001:000419e0       sf_debug_is_dyn_matrix_initialized 00000001800429e0 f   sfc_debug:sfdb_symbol_scope.obj
 0001:00041a00       sf_debug_ss_set_data_value_try 0000000180042a00 f   sfc_debug:sfdb_symbol_scope.obj
 0001:00041bf0       sf_debug_ss_get_data_value 0000000180042bf0 f   sfc_debug:sfdb_symbol_scope.obj
 0001:00042350       sf_debug_ss_data_bytes_string 0000000180043350 f   sfc_debug:sfdb_symbol_scope.obj
 0001:000423e0       sf_debug_ss_data_class_string 00000001800433e0 f   sfc_debug:sfdb_symbol_scope.obj
 0001:00042760       sf_debug_ss_data_size_string 0000000180043760 f   sfc_debug:sfdb_symbol_scope.obj
 0001:00042840       sf_debug_ss_data_create_data_info_struct 0000000180043840 f   sfc_debug:sfdb_symbol_scope.obj
 0001:00042af0       sf_debug_ss_data_create_name_value_pair 0000000180043af0 f   sfc_debug:sfdb_symbol_scope.obj
 0001:00042b90       sf_debug_ss_data_get_whos_info 0000000180043b90 f   sfc_debug:sfdb_symbol_scope.obj
 0001:00042ba0       same_named_data_in_data_array 0000000180043ba0 f   sfc_debug:sfdb_symbol_scope.obj
 0001:00044330       sf_debug_cc_terminate_chart 0000000180045330 f   sfc_debug:sfdb_coverage.obj
 0001:00044640       sf_debug_cc_terminate_instance 0000000180045640 f   sfc_debug:sfdb_coverage.obj
 0001:00045210       sf_debug_cc_mark_object_if_needed 0000000180046210 f   sfc_debug:sfdb_coverage.obj
 0001:00045a90       sf_debug_bm_initialize_eml 0000000180046a90 f   sfc_debug:sfdb_breakpoints.obj
 0001:00046b50       sf_debug_bm_map_debug_tag_to_breakpoint_tag 0000000180047b50 f   sfc_debug:sfdb_breakpoints.obj
 0001:00046c30       sf_debug_bm_is_a_eml_breakpoint_impl 0000000180047c30 f   sfc_debug:sfdb_breakpoints.obj
 0001:00048560       sf_debug_sc_push_on_error_stack 0000000180049560 f   sfc_debug:sfdb_state_consistency.obj
 0001:00048680       sf_debug_sc_reset_error_stack 0000000180049680 f   sfc_debug:sfdb_state_consistency.obj
 0001:00048810       sf_debug_sc_is_state_inconsistent 0000000180049810 f   sfc_debug:sfdb_state_consistency.obj
 0001:00048b00       sf_debug_sc_fill_consistency_info 0000000180049b00 f   sfc_debug:sfdb_state_consistency.obj
 0001:000490a0       void_assertion_fcn         000000018004a0a0 f   sfc_debug:sfdb_call_stack.obj
 0001:000495f0       sf_debug_tm_fill_local_trace 000000018004a5f0 f   sfc_debug:sfdb_call_stack.obj
 0001:00049b90       sf_debug_cd_terminate_instance 000000018004ab90 f   sfc_debug:sfdb_cycle_detection.obj
 0001:00049bf0       sf_debug_cd_free_checksum_stack 000000018004abf0 f   sfc_debug:sfdb_cycle_detection.obj
 0001:00049c40       sf_debug_cd_reset_pack_strings 000000018004ac40 f   sfc_debug:sfdb_cycle_detection.obj
 0001:0004a2e0       md5file_clear              000000018004b2e0 f   sfc_debug:ckmd5.obj
 0001:0004a310       Encode                     000000018004b310 f   sfc_debug:ckmd5.obj
 0001:0004a360       Decode                     000000018004b360 f   sfc_debug:ckmd5.obj
 0001:0004a400       MD5Transform               000000018004b400 f   sfc_debug:ckmd5.obj
 0001:0004ac60       md5file_addn               000000018004bc60 f   sfc_debug:ckmd5.obj
 0001:0004ad30       md5file_hash               000000018004bd30 f   sfc_debug:ckmd5.obj
 0001:0004b294       pre_c_init                 000000018004c294 f   MSVCRT:crtdll.obj
 0001:0004b550       __DllMainCRTStartup        000000018004c550 f   MSVCRT:crtdll.obj
 0001:0004bbe0       __DllMainCRTStartup$filt$0 000000018004cbe0 f   MSVCRT:crtdll.obj
 0001:0004bc10       __DllMainCRTStartup$fin$1  000000018004cc10 f   MSVCRT:crtdll.obj
 0001:0004bc2a       _onexit$fin$0              000000018004cc2a f   MSVCRT:atonexit.obj
 0001:0004bc50       _IsNonwritableInCurrentImage$filt$0 000000018004cc50 f   MSVCRT:pesect.obj
